Component: ARM Compiler 5.06 update 7 (build 960) Tool: armlink [4d3601]

==============================================================================

Section Cross References

    startup_stm32f427xx.o(RESET) refers to startup_stm32f427xx.o(STACK) for __initial_sp
    startup_stm32f427xx.o(RESET) refers to startup_stm32f427xx.o(.text) for Reset_Handler
    startup_stm32f427xx.o(RESET) refers to stm32f4xx_it.o(i.NMI_Handler) for NMI_Handler
    startup_stm32f427xx.o(RESET) refers to stm32f4xx_it.o(i.HardFault_Handler) for HardFault_Handler
    startup_stm32f427xx.o(RESET) refers to stm32f4xx_it.o(i.MemManage_Handler) for MemManage_Handler
    startup_stm32f427xx.o(RESET) refers to stm32f4xx_it.o(i.BusFault_Handler) for BusFault_Handler
    startup_stm32f427xx.o(RESET) refers to stm32f4xx_it.o(i.UsageFault_Handler) for UsageFault_Handler
    startup_stm32f427xx.o(RESET) refers to port.o(.emb_text) for SVC_Handler
    startup_stm32f427xx.o(RESET) refers to stm32f4xx_it.o(i.DebugMon_Handler) for DebugMon_Handler
    startup_stm32f427xx.o(RESET) refers to port.o(i.SysTick_Handler) for SysTick_Handler
    startup_stm32f427xx.o(RESET) refers to stm32f4xx_it.o(i.EXTI3_IRQHandler) for EXTI3_IRQHandler
    startup_stm32f427xx.o(RESET) refers to stm32f4xx_it.o(i.DMA1_Stream6_IRQHandler) for DMA1_Stream6_IRQHandler
    startup_stm32f427xx.o(RESET) refers to stm32f4xx_it.o(i.CAN1_RX0_IRQHandler) for CAN1_RX0_IRQHandler
    startup_stm32f427xx.o(RESET) refers to stm32f4xx_it.o(i.TIM2_IRQHandler) for TIM2_IRQHandler
    startup_stm32f427xx.o(RESET) refers to stm32f4xx_it.o(i.USART1_IRQHandler) for USART1_IRQHandler
    startup_stm32f427xx.o(RESET) refers to stm32f4xx_it.o(i.DMA2_Stream0_IRQHandler) for DMA2_Stream0_IRQHandler
    startup_stm32f427xx.o(RESET) refers to stm32f4xx_it.o(i.DMA2_Stream2_IRQHandler) for DMA2_Stream2_IRQHandler
    startup_stm32f427xx.o(RESET) refers to stm32f4xx_it.o(i.CAN2_RX0_IRQHandler) for CAN2_RX0_IRQHandler
    startup_stm32f427xx.o(RESET) refers to stm32f4xx_it.o(i.CAN2_RX1_IRQHandler) for CAN2_RX1_IRQHandler
    startup_stm32f427xx.o(RESET) refers to stm32f4xx_it.o(i.DMA2_Stream6_IRQHandler) for DMA2_Stream6_IRQHandler
    startup_stm32f427xx.o(RESET) refers to stm32f4xx_it.o(i.USART6_IRQHandler) for USART6_IRQHandler
    startup_stm32f427xx.o(RESET) refers to stm32f4xx_it.o(i.UART8_IRQHandler) for UART8_IRQHandler
    startup_stm32f427xx.o(.text) refers to system_stm32f4xx.o(i.SystemInit) for SystemInit
    startup_stm32f427xx.o(.text) refers to entry.o(.ARM.Collect$$$$00000000) for __main
    canmotor.o(i.HAL_CAN_RxFifo0MsgPendingCallback) refers to stm32f4xx_hal_can.o(i.HAL_CAN_GetRxMessage) for HAL_CAN_GetRxMessage
    canmotor.o(i.HAL_CAN_RxFifo0MsgPendingCallback) refers to canmotor.o(.bss) for .bss
    canmotor.o(i.HAL_CAN_RxFifo0MsgPendingCallback) refers to canmotor.o(.data) for .data
    canmotor.o(i.can2_filter_init) refers to stm32f4xx_hal_can.o(i.HAL_CAN_ConfigFilter) for HAL_CAN_ConfigFilter
    canmotor.o(i.can2_filter_init) refers to stm32f4xx_hal_can.o(i.HAL_CAN_Start) for HAL_CAN_Start
    canmotor.o(i.can2_filter_init) refers to stm32f4xx_hal_can.o(i.HAL_CAN_IRQHandler) for HAL_CAN_IRQHandler
    canmotor.o(i.can2_filter_init) refers to can.o(.bss) for hcan2
    canmotor.o(i.can_filter_init) refers to stm32f4xx_hal_can.o(i.HAL_CAN_ConfigFilter) for HAL_CAN_ConfigFilter
    canmotor.o(i.can_filter_init) refers to stm32f4xx_hal_can.o(i.HAL_CAN_Start) for HAL_CAN_Start
    canmotor.o(i.can_filter_init) refers to stm32f4xx_hal_can.o(i.HAL_CAN_IRQHandler) for HAL_CAN_IRQHandler
    canmotor.o(i.can_filter_init) refers to can.o(.bss) for hcan1
    canmotor.o(i.can_output) refers to stm32f4xx_hal_can.o(i.HAL_CAN_AddTxMessage) for HAL_CAN_AddTxMessage
    canmotor.o(i.can_output) refers to can.o(.bss) for hcan1
    canmotor.o(i.can_output_firemotor) refers to stm32f4xx_hal_can.o(i.HAL_CAN_AddTxMessage) for HAL_CAN_AddTxMessage
    canmotor.o(i.can_output_firemotor) refers to can.o(.bss) for hcan1
    canmotor.o(i.set_motor_voltage_can2_low) refers to stm32f4xx_hal_can.o(i.HAL_CAN_AddTxMessage) for HAL_CAN_AddTxMessage
    canmotor.o(i.set_motor_voltage_can2_low) refers to can.o(.bss) for hcan2
    remoter.o(i.dbus_uart_init) refers to stm32f4xx_hal_dma.o(i.HAL_DMA_Start) for HAL_DMA_Start
    remoter.o(i.dbus_uart_init) refers to usart.o(.bss) for huart1
    remoter.o(i.dbus_uart_init) refers to remoter.o(.bss) for .bss
    remoter.o(i.rc_callback_handler) refers to canmotor.o(.data) for motorval1
    remoter.o(i.rc_callback_handler) refers to canmotor.o(.data) for motorval2
    remoter.o(i.rc_callback_handler) refers to canmotor.o(.data) for motorval3
    remoter.o(i.rc_callback_handler) refers to canmotor.o(.data) for motorval4
    remoter.o(i.rc_callback_handler) refers to canmotor.o(.data) for motorvalleft
    remoter.o(i.rc_callback_handler) refers to canmotor.o(.data) for motorvalright
    remoter.o(i.rc_callback_handler) refers to remoter.o(.data) for .data
[...]
    EXTI9_5_IRQHandler                       0x0800029f   Thumb Code     0  startup_stm32f427xx.o(.text)
    FLASH_IRQHandler                         0x0800029f   Thumb Code     0  startup_stm32f427xx.o(.text)
    FMC_IRQHandler                           0x0800029f   Thumb Code     0  startup_stm32f427xx.o(.text)
    FPU_IRQHandler                           0x0800029f   Thumb Code     0  startup_stm32f427xx.o(.text)
    HASH_RNG_IRQHandler                      0x0800029f   Thumb Code     0  startup_stm32f427xx.o(.text)
    I2C1_ER_IRQHandler                       0x0800029f   Thumb Code     0  startup_stm32f427xx.o(.text)
    I2C1_EV_IRQHandler                       0x0800029f   Thumb Code     0  startup_stm32f427xx.o(.text)
    I2C2_ER_IRQHandler                       0x0800029f   Thumb Code     0  startup_stm32f427xx.o(.text)
    I2C2_EV_IRQHandler                       0x0800029f   Thumb Code     0  startup_stm32f427xx.o(.text)
    I2C3_ER_IRQHandler                       0x0800029f   Thumb Code     0  startup_stm32f427xx.o(.text)
    I2C3_EV_IRQHandler                       0x0800029f   Thumb Code     0  startup_stm32f427xx.o(.text)
    OTG_FS_IRQHandler                        0x0800029f   Thumb Code     0  startup_stm32f427xx.o(.text)
    OTG_FS_WKUP_IRQHandler                   0x0800029f   Thumb Code     0  startup_stm32f427xx.o(.text)
    OTG_HS_EP1_IN_IRQHandler                 0x0800029f   Thumb Code     0  startup_stm32f427xx.o(.text)
    OTG_HS_EP1_OUT_IRQHandler                0x0800029f   Thumb Code     0  startup_stm32f427xx.o(.text)
    OTG_HS_IRQHandler                        0x0800029f   Thumb Code     0  startup_stm32f427xx.o(.text)
    OTG_HS_WKUP_IRQHandler                   0x0800029f   Thumb Code     0  startup_stm32f427xx.o(.text)
    PVD_IRQHandler                           0x0800029f   Thumb Code     0  startup_stm32f427xx.o(.text)
    RCC_IRQHandler                           0x0800029f   Thumb Code     0  startup_stm32f427xx.o(.text)
    RTC_Alarm_IRQHandler                     0x0800029f   Thumb Code     0  startup_stm32f427xx.o(.text)
    RTC_WKUP_IRQHandler                      0x0800029f   Thumb Code     0  startup_stm32f427xx.o(.text)
    SAI1_IRQHandler                          0x0800029f   Thumb Code     0  startup_stm32f427xx.o(.text)
    SDIO_IRQHandler                          0x0800029f   Thumb Code     0  startup_stm32f427xx.o(.text)
    SPI1_IRQHandler                          0x0800029f   Thumb Code     0  startup_stm32f427xx.o(.text)
    SPI2_IRQHandler                          0x0800029f   Thumb Code     0  startup_stm32f427xx.o(.text)
    SPI3_IRQHandler                          0x0800029f   Thumb Code     0  startup_stm32f427xx.o(.text)
    SPI4_IRQHandler                          0x0800029f   Thumb Code     0  startup_stm32f427xx.o(.text)
    SPI5_IRQHandler                          0x0800029f   Thumb Code     0  startup_stm32f427xx.o(.text)
    SPI6_IRQHandler                          0x0800029f   Thumb Code     0  startup_stm32f427xx.o(.text)
    TAMP_STAMP_IRQHandler                    0x0800029f   Thumb Code     0  startup_stm32f427xx.o(.text)
    TIM1_BRK_TIM9_IRQHandler                 0x0800029f   Thumb Code     0  startup_stm32f427xx.o(.text)
    TIM1_CC_IRQHandler                       0x0800029f   Thumb Code     0  startup_stm32f427xx.o(.text)
    TIM1_TRG_COM_TIM11_IRQHandler            0x0800029f   Thumb Code     0  startup_stm32f427xx.o(.text)
    TIM1_UP_TIM10_IRQHandler                 0x0800029f   Thumb Code     0  startup_stm32f427xx.o(.text)
    TIM3_IRQHandler                          0x0800029f   Thumb Code     0  startup_stm32f427xx.o(.text)
    TIM4_IRQHandler                          0x0800029f   Thumb Code     0  startup_stm32f427xx.o(.text)
    TIM5_IRQHandler                          0x0800029f   Thumb Code     0  startup_stm32f427xx.o(.text)
    TIM6_DAC_IRQHandler                      0x0800029f   Thumb Code     0  startup_stm32f427xx.o(.text)
    TIM7_IRQHandler                          0x0800029f   Thumb Code     0  startup_stm32f427xx.o(.text)
    TIM8_BRK_TIM12_IRQHandler                0x0800029f   Thumb Code     0  startup_stm32f427xx.o(.text)
    TIM8_CC_IRQHandler                       0x0800029f   Thumb Code     0  startup_stm32f427xx.o(.text)
    TIM8_TRG_COM_TIM14_IRQHandler            0x0800029f   Thumb Code     0  startup_stm32f427xx.o(.text)
    TIM8_UP_TIM13_IRQHandler                 0x0800029f   Thumb Code     0  startup_stm32f427xx.o(.text)
    UART4_IRQHandler                         0x0800029f   Thumb Code     0  startup_stm32f427xx.o(.text)
    UART5_IRQHandler                         0x0800029f   Thumb Code     0  startup_stm32f427xx.o(.text)
    UART7_IRQHandler                         0x0800029f   Thumb Code     0  startup_stm32f427xx.o(.text)
    USART2_IRQHandler                        0x0800029f   Thumb Code     0  startup_stm32f427xx.o(.text)
    USART3_IRQHandler                        0x0800029f   Thumb Code     0  startup_stm32f427xx.o(.text)
    WWDG_IRQHandler                          0x0800029f   Thumb Code     0  startup_stm32f427xx.o(.text)
    __aeabi_uldivmod                         0x080002a9   Thumb Code    98  uldiv.o(.text)
    __aeabi_memcpy                           0x0800030b   Thumb Code    36  memcpya.o(.text)
    __aeabi_memcpy4                          0x0800030b   Thumb Code     0  memcpya.o(.text)
    __aeabi_memcpy8                          0x0800030b   Thumb Code     0  memcpya.o(.text)
    __aeabi_memset                           0x0800032f   Thumb Code    14  memseta.o(.text)
    __aeabi_memset4                          0x0800032f   Thumb Code     0  memseta.o(.text)
    __aeabi_memset8                          0x0800032f   Thumb Code     0  memseta.o(.text)
    __aeabi_memclr                           0x0800033d   Thumb Code     4  memseta.o(.text)
    __aeabi_memclr4                          0x0800033d   Thumb Code     0  memseta.o(.text)
    __aeabi_memclr8                          0x0800033d   Thumb Code     0  memseta.o(.text)
    memset                                   0x08000341   Thumb Code    18  memseta.o(.text)
    __aeabi_dadd                             0x08000353   Thumb Code   322  dadd.o(.text)
    __aeabi_dsub                             0x08000495   Thumb Code     6  dadd.o(.text)
    __aeabi_drsub                            0x0800049b   Thumb Code     6  dadd.o(.text)
    __aeabi_dmul                             0x080004a1   Thumb Code   228  dmul.o(.text)
    __aeabi_ddiv                             0x08000585   Thumb Code   222  ddiv.o(.text)
    __aeabi_i2d                              0x08000663   Thumb Code    34  dflti.o(.text)
    __aeabi_d2iz                             0x08000685   Thumb Code    62  dfixi.o(.text)
    __aeabi_f2d                              0x080006c3   Thumb Code    38  f2d.o(.text)
    __aeabi_cdcmpeq                          0x080006e9   Thumb Code     0  cdcmple.o(.text)
    __aeabi_cdcmple                          0x080006e9   Thumb Code    48  cdcmple.o(.text)
    __aeabi_cdrcmple                         0x08000719   Thumb Code    48  cdrcmple.o(.text)
    __aeabi_d2f                              0x08000749   Thumb Code    56  d2f.o(.text)
    __aeabi_llsl                             0x08000781   Thumb Code    30  llshl.o(.text)
    _ll_shift_l                              0x08000781   Thumb Code     0  llshl.o(.text)
    __aeabi_llsr                             0x0800079f   Thumb Code    32  llushr.o(.text)
    _ll_ushift_r                             0x0800079f   Thumb Code     0  llushr.o(.text)
    __aeabi_lasr                             0x080007bf   Thumb Code    36  llsshr.o(.text)
    _ll_sshift_r                             0x080007bf   Thumb Code     0  llsshr.o(.text)
    __I$use$fp                               0x080007e3   Thumb Code     0  iusefp.o(.text)
    _float_round                             0x080007e3   Thumb Code    18  fepilogue.o(.text)
    _float_epilogue                          0x080007f5   Thumb Code    92  fepilogue.o(.text)
    _double_round                            0x08000851   Thumb Code    30  depilogue.o(.text)
    _double_epilogue                         0x0800086f   Thumb Code   156  depilogue.o(.text)
    _dsqrt                                   0x0800090b   Thumb Code   162  dsqrt.o(.text)
    __scatterload                            0x080009ad   Thumb Code    28  init.o(.text)
    __scatterload_rt2                        0x080009ad   Thumb Code     0  init.o(.text)
    __aeabi_ui2d                             0x080009d1   Thumb Code    26  dfltui.o(.text)
    __decompress                             0x080009eb   Thumb Code     0  __dczerorl.o(.text)
    __decompress0                            0x080009eb   Thumb Code    58  __dczerorl.o(.text)
    BusFault_Handler                         0x08000b4d   Thumb Code     2  stm32f4xx_it.o(i.BusFault_Handler)
    CAN1_RX0_IRQHandler                      0x08000b51   Thumb Code     6  stm32f4xx_it.o(i.CAN1_RX0_IRQHandler)
    CAN2_RX0_IRQHandler                      0x08000b5d   Thumb Code     6  stm32f4xx_it.o(i.CAN2_RX0_IRQHandler)
    CAN2_RX1_IRQHandler                      0x08000b69   Thumb Code     6  stm32f4xx_it.o(i.CAN2_RX1_IRQHandler)
    DMA1_Stream6_IRQHandler                  0x08000b75   Thumb Code     6  stm32f4xx_it.o(i.DMA1_Stream6_IRQHandler)
    DMA2_Stream0_IRQHandler                  0x08000b81   Thumb Code     6  stm32f4xx_it.o(i.DMA2_Stream0_IRQHandler)
    DMA2_Stream2_IRQHandler                  0x08000b8d   Thumb Code     6  stm32f4xx_it.o(i.DMA2_Stream2_IRQHandler)
    DMA2_Stream6_IRQHandler                  0x08000b99   Thumb Code     6  stm32f4xx_it.o(i.DMA2_Stream6_IRQHandler)
    DebugMon_Handler                         0x08000c49   Thumb Code     2  stm32f4xx_it.o(i.DebugMon_Handler)
    EXTI3_IRQHandler                         0x08000c4b   Thumb Code     6  stm32f4xx_it.o(i.EXTI3_IRQHandler)
    Error_Handler                            0x08000c51   Thumb Code     4  main.o(i.Error_Handler)
    HAL_ADC_ConfigChannel                    0x08000c55   Thumb Code   334  stm32f4xx_hal_adc.o(i.HAL_ADC_ConfigChannel)
    HAL_ADC_Init                             0x08000db9   Thumb Code    84  stm32f4xx_hal_adc.o(i.HAL_ADC_Init)
    HAL_ADC_MspInit                          0x08000e0d   Thumb Code   134  adc.o(i.HAL_ADC_MspInit)
    HAL_CAN_ActivateNotification             0x08000ea9   Thumb Code    36  stm32f4xx_hal_can.o(i.HAL_CAN_ActivateNotification)
    HAL_CAN_AddTxMessage                     0x08000ecd   Thumb Code   220  stm32f4xx_hal_can.o(i.HAL_CAN_AddTxMessage)
    HAL_CAN_ConfigFilter                     0x08000fa9   Thumb Code   262  stm32f4xx_hal_can.o(i.HAL_CAN_ConfigFilter)
    HAL_CAN_ErrorCallback                    0x080010b5   Thumb Code     2  stm32f4xx_hal_can.o(i.HAL_CAN_ErrorCallback)
    HAL_CAN_GetRxMessage                     0x080010b7   Thumb Code   232  stm32f4xx_hal_can.o(i.HAL_CAN_GetRxMessage)
    HAL_CAN_IRQHandler                       0x0800119f   Thumb Code   508  stm32f4xx_hal_can.o(i.HAL_CAN_IRQHandler)
    HAL_CAN_Init                             0x0800139b   Thumb Code   282  stm32f4xx_hal_can.o(i.HAL_CAN_Init)
    HAL_CAN_MspInit                          0x080014b5   Thumb Code   244  can.o(i.HAL_CAN_MspInit)
    HAL_CAN_RxFifo0FullCallback              0x080015c1   Thumb Code     2  stm32f4xx_hal_can.o(i.HAL_CAN_RxFifo0FullCallback)
    HAL_CAN_RxFifo0MsgPendingCallback        0x080015c5   Thumb Code   212  canmotor.o(i.HAL_CAN_RxFifo0MsgPendingCallback)
    HAL_CAN_RxFifo1FullCallback              0x080016a9   Thumb Code     2  stm32f4xx_hal_can.o(i.HAL_CAN_RxFifo1FullCallback)
    HAL_CAN_RxFifo1MsgPendingCallback        0x080016ab   Thumb Code     2  stm32f4xx_hal_can.o(i.HAL_CAN_RxFifo1MsgPendingCallback)
    HAL_CAN_SleepCallback                    0x080016ad   Thumb Code     2  stm32f4xx_hal_can.o(i.HAL_CAN_SleepCallback)
    HAL_CAN_Start                            0x080016b1   Thumb Code    88  stm32f4xx_hal_can.o(i.HAL_CAN_Start)
    HAL_CAN_TxMailbox0AbortCallback          0x08001709   Thumb Code     2  stm32f4xx_hal_can.o(i.HAL_CAN_TxMailbox0AbortCallback)
    HAL_CAN_TxMailbox0CompleteCallback       0x0800170b   Thumb Code     2  stm32f4xx_hal_can.o(i.HAL_CAN_TxMailbox0CompleteCallback)
    HAL_CAN_TxMailbox1AbortCallback          0x0800170d   Thumb Code     2  stm32f4xx_hal_can.o(i.HAL_CAN_TxMailbox1AbortCallback)
    HAL_CAN_TxMailbox1CompleteCallback       0x0800170f   Thumb Code     2  stm32f4xx_hal_can.o(i.HAL_CAN_TxMailbox1CompleteCallback)
    HAL_CAN_TxMailbox2AbortCallback          0x08001711   Thumb Code     2  stm32f4xx_hal_can.o(i.HAL_CAN_TxMailbox2AbortCallback)
    HAL_CAN_TxMailbox2CompleteCallback       0x08001713   Thumb Code     2  stm32f4xx_hal_can.o(i.HAL_CAN_TxMailbox2CompleteCallback)
    HAL_CAN_WakeUpFromRxMsgCallback          0x08001715   Thumb Code     2  stm32f4xx_hal_can.o(i.HAL_CAN_WakeUpFromRxMsgCallback)
    HAL_DMA_Abort                            0x08001717   Thumb Code   146  stm32f4xx_hal_dma.o(i.HAL_DMA_Abort)
    HAL_DMA_Abort_IT                         0x080017a9   Thumb Code    36  stm32f4xx_hal_dma.o(i.HAL_DMA_Abort_IT)
    HAL_DMA_IRQHandler                       0x080017cd   Thumb Code   412  stm32f4xx_hal_dma.o(i.HAL_DMA_IRQHandler)
    HAL_DMA_Init                             0x0800196d   Thumb Code   206  stm32f4xx_hal_dma.o(i.HAL_DMA_Init)
    HAL_DMA_Start                            0x08001a41   Thumb Code    70  stm32f4xx_hal_dma.o(i.HAL_DMA_Start)
    HAL_DMA_Start_IT                         0x08001a87   Thumb Code   110  stm32f4xx_hal_dma.o(i.HAL_DMA_Start_IT)
    HAL_Delay                                0x08001af5   Thumb Code    32  stm32f4xx_hal.o(i.HAL_Delay)
    HAL_GPIO_EXTI_Callback                   0x08001b19   Thumb Code     2  stm32f4xx_hal_gpio.o(i.HAL_GPIO_EXTI_Callback)
    HAL_GPIO_EXTI_IRQHandler                 0x08001b1d   Thumb Code    18  stm32f4xx_hal_gpio.o(i.HAL_GPIO_EXTI_IRQHandler)
    HAL_GPIO_Init                            0x08001b35   Thumb Code   510  stm32f4xx_hal_gpio.o(i.HAL_GPIO_Init)
    HAL_GPIO_WritePin                        0x08001d69   Thumb Code    10  stm32f4xx_hal_gpio.o(i.HAL_GPIO_WritePin)
    HAL_GetTick                              0x08001d75   Thumb Code     6  stm32f4xx_hal.o(i.HAL_GetTick)
    HAL_I2CEx_ConfigAnalogFilter             0x08001d81   Thumb Code    66  stm32f4xx_hal_i2c_ex.o(i.HAL_I2CEx_ConfigAnalogFilter)
    HAL_I2CEx_ConfigDigitalFilter            0x08001dc3   Thumb Code    62  stm32f4xx_hal_i2c_ex.o(i.HAL_I2CEx_ConfigDigitalFilter)
    HAL_I2C_Init                             0x08001e01   Thumb Code   376  stm32f4xx_hal_i2c.o(i.HAL_I2C_Init)
    HAL_I2C_MspInit                          0x08001f89   Thumb Code   204  i2c.o(i.HAL_I2C_MspInit)
    HAL_IncTick                              0x0800206d   Thumb Code    12  stm32f4xx_hal.o(i.HAL_IncTick)
    HAL_Init                                 0x0800207d   Thumb Code    48  stm32f4xx_hal.o(i.HAL_Init)
    HAL_InitTick                             0x080020b1   Thumb Code   102  stm32f4xx_hal_timebase_tim.o(i.HAL_InitTick)
    HAL_MspInit                              0x08002125   Thumb Code    52  stm32f4xx_hal_msp.o(i.HAL_MspInit)
    HAL_NVIC_EnableIRQ                       0x0800215d   Thumb Code    26  stm32f4xx_hal_cortex.o(i.HAL_NVIC_EnableIRQ)
    HAL_NVIC_SetPriority                     0x08002179   Thumb Code    60  stm32f4xx_hal_cortex.o(i.HAL_NVIC_SetPriority)
    HAL_NVIC_SetPriorityGrouping             0x080021b9   Thumb Code    26  stm32f4xx_hal_cortex.o(i.HAL_NVIC_SetPriorityGrouping)
    HAL_PWREx_EnableOverDrive                0x080021dd   Thumb Code    98  stm32f4xx_hal_pwr_ex.o(i.HAL_PWREx_EnableOverDrive)
    HAL_RCC_ClockConfig                      0x0800224d   Thumb Code   288  stm32f4xx_hal_rcc.o(i.HAL_RCC_ClockConfig)
    HAL_RCC_GetClockConfig                   0x08002381   Thumb Code    54  stm32f4xx_hal_rcc.o(i.HAL_RCC_GetClockConfig)
    HAL_RCC_GetPCLK1Freq                     0x080023c1   Thumb Code    20  stm32f4xx_hal_rcc.o(i.HAL_RCC_GetPCLK1Freq)
    HAL_RCC_GetPCLK2Freq                     0x080023e1   Thumb Code    20  stm32f4xx_hal_rcc.o(i.HAL_RCC_GetPCLK2Freq)
    HAL_RCC_GetSysClockFreq                  0x08002401   Thumb Code    88  stm32f4xx_hal_rcc.o(i.HAL_RCC_GetSysClockFreq)
    HAL_RCC_OscConfig                        0x08002465   Thumb Code   856  stm32f4xx_hal_rcc.o(i.HAL_RCC_OscConfig)
    HAL_SPI_Init                             0x080027d1   Thumb Code   188  stm32f4xx_hal_spi.o(i.HAL_SPI_Init)
    HAL_SPI_MspInit                          0x0800288d   Thumb Code   116  spi.o(i.HAL_SPI_MspInit)
    HAL_SPI_TransmitReceive                  0x0800290d   Thumb Code   482  stm32f4xx_hal_spi.o(i.HAL_SPI_TransmitReceive)
    HAL_TIMEx_BreakCallback                  0x08002aef   Thumb Code     2  stm32f4xx_hal_tim_ex.o(i.HAL_TIMEx_BreakCallback)
    HAL_TIMEx_CommutCallback                 0x08002af1   Thumb Code     2  stm32f4xx_hal_tim_ex.o(i.HAL_TIMEx_CommutCallback)
    HAL_TIMEx_ConfigBreakDeadTime            0x08002af3   Thumb Code    84  stm32f4xx_hal_tim_ex.o(i.HAL_TIMEx_ConfigBreakDeadTime)
    HAL_TIMEx_MasterConfigSynchronization    0x08002b49   Thumb Code   116  stm32f4xx_hal_tim_ex.o(i.HAL_TIMEx_MasterConfigSynchronization)
    HAL_TIM_Base_Init                        0x08002bd9   Thumb Code    90  stm32f4xx_hal_tim.o(i.HAL_TIM_Base_Init)
    HAL_TIM_Base_MspInit                     0x08002c35   Thumb Code    56  tim.o(i.HAL_TIM_Base_MspInit)
    HAL_TIM_Base_Start_IT                    0x08002c79   Thumb Code   100  stm32f4xx_hal_tim.o(i.HAL_TIM_Base_Start_IT)
    HAL_TIM_ConfigClockSource                0x08002cf9   Thumb Code   220  stm32f4xx_hal_tim.o(i.HAL_TIM_ConfigClockSource)
    HAL_TIM_IC_CaptureCallback               0x08002dd5   Thumb Code     2  stm32f4xx_hal_tim.o(i.HAL_TIM_IC_CaptureCallback)
    HAL_TIM_IRQHandler                       0x08002dd7   Thumb Code   358  stm32f4xx_hal_tim.o(i.HAL_TIM_IRQHandler)
    HAL_TIM_MspPostInit                      0x08002f3d   Thumb Code   112  tim.o(i.HAL_TIM_MspPostInit)
    HAL_TIM_OC_DelayElapsedCallback          0x08002fc1   Thumb Code     2  stm32f4xx_hal_tim.o(i.HAL_TIM_OC_DelayElapsedCallback)
    HAL_TIM_PWM_ConfigChannel                0x08002fc3   Thumb Code   204  stm32f4xx_hal_tim.o(i.HAL_TIM_PWM_ConfigChannel)
    HAL_TIM_PWM_Init                         0x0800308f   Thumb Code    90  stm32f4xx_hal_tim.o(i.HAL_TIM_PWM_Init)
    HAL_TIM_PWM_MspInit                      0x080030e9   Thumb Code     2  stm32f4xx_hal_tim.o(i.HAL_TIM_PWM_MspInit)
    HAL_TIM_PWM_PulseFinishedCallback        0x080030eb   Thumb Code     2  stm32f4xx_hal_tim.o(i.HAL_TIM_PWM_PulseFinishedCallback)
    HAL_TIM_PWM_Start                        0x080030ed   Thumb Code   172  stm32f4xx_hal_tim.o(i.HAL_TIM_PWM_Start)
    HAL_TIM_PeriodElapsedCallback            0x080031b5   Thumb Code    14  main.o(i.HAL_TIM_PeriodElapsedCallback)
    HAL_TIM_TriggerCallback                  0x080031c3   Thumb Code     2  stm32f4xx_hal_tim.o(i.HAL_TIM_TriggerCallback)
    HAL_UARTEx_RxEventCallback               0x080031c5   Thumb Code     2  stm32f4xx_hal_uart.o(i.HAL_UARTEx_RxEventCallback)
    HAL_UART_ErrorCallback                   0x080031c7   Thumb Code     2  stm32f4xx_hal_uart.o(i.HAL_UART_ErrorCallback)
    HAL_UART_IRQHandler                      0x080031c9   Thumb Code   610  stm32f4xx_hal_uart.o(i.HAL_UART_IRQHandler)
    HAL_UART_Init                            0x08003431   Thumb Code    98  stm32f4xx_hal_uart.o(i.HAL_UART_Init)
    HAL_UART_MspInit                         0x08003495   Thumb Code   396  usart.o(i.HAL_UART_MspInit)
    HAL_UART_Receive_DMA                     0x08003649   Thumb Code    42  stm32f4xx_hal_uart.o(i.HAL_UART_Receive_DMA)
    HAL_UART_RxCpltCallback                  0x08003673   Thumb Code     2  stm32f4xx_hal_uart.o(i.HAL_UART_RxCpltCallback)
    HAL_UART_RxHalfCpltCallback              0x08003675   Thumb Code     2  stm32f4xx_hal_uart.o(i.HAL_UART_RxHalfCpltCallback)
    HAL_UART_TxCpltCallback                  0x08003677   Thumb Code     2  stm32f4xx_hal_uart.o(i.HAL_UART_TxCpltCallback)
    HardFault_Handler                        0x08003679   Thumb Code     2  stm32f4xx_it.o(i.HardFault_Handler)
    MX_ADC1_Init                             0x0800367d   Thumb Code   108  adc.o(i.MX_ADC1_Init)
    MX_CAN1_Init                             0x080036f5   Thumb Code    92  can.o(i.MX_CAN1_Init)
    MX_CAN2_Init                             0x08003759   Thumb Code    68  can.o(i.MX_CAN2_Init)
    MX_DMA_Init                              0x080037a5   Thumb Code   104  dma.o(i.MX_DMA_Init)
    MX_FREERTOS_Init                         0x08003811   Thumb Code    96  freertos.o(i.MX_FREERTOS_Init)
    MX_GPIO_Init                             0x08003879   Thumb Code   200  gpio.o(i.MX_GPIO_Init)
    MX_I2C2_Init                             0x08003949   Thumb Code    78  i2c.o(i.MX_I2C2_Init)
    MX_I2C3_Init                             0x080039a5   Thumb Code    78  i2c.o(i.MX_I2C3_Init)
    MX_SPI5_Init                             0x08003a01   Thumb Code    64  spi.o(i.MX_SPI5_Init)
    MX_TIM1_Init                             0x08003a49   Thumb Code   224  tim.o(i.MX_TIM1_Init)
    MX_TIM3_Init                             0x08003b31   Thumb Code   144  tim.o(i.MX_TIM3_Init)
    MX_UART8_Init                            0x08003bc9   Thumb Code    48  usart.o(i.MX_UART8_Init)
    MX_USART1_UART_Init                      0x08003c01   Thumb Code    66  usart.o(i.MX_USART1_UART_Init)
    MX_USART6_UART_Init                      0x08003c51   Thumb Code    48  usart.o(i.MX_USART6_UART_Init)
    MemManage_Handler                        0x08003c89   Thumb Code     2  stm32f4xx_it.o(i.MemManage_Handler)
    NMI_Handler                              0x08003c8b   Thumb Code     2  stm32f4xx_it.o(i.NMI_Handler)
    StartDefaultTask                         0x08003d9d   Thumb Code     8  freertos.o(i.StartDefaultTask)
    StartTask02                              0x08003da5   Thumb Code   160  freertos.o(i.StartTask02)
    StartTask03                              0x08003e75   Thumb Code   272  freertos.o(i.StartTask03)
    StartTask04                              0x08003fd5   Thumb Code    44  freertos.o(i.StartTask04)
    SysTick_Handler                          0x08004005   Thumb Code    38  port.o(i.SysTick_Handler)
    SystemClock_Config                       0x08004031   Thumb Code   150  main.o(i.SystemClock_Config)
    SystemInit                               0x080040d1   Thumb Code    12  system_stm32f4xx.o(i.SystemInit)
    TIM2_IRQHandler                          0x080040e1   Thumb Code     6  stm32f4xx_it.o(i.TIM2_IRQHandler)
    TIM_Base_SetConfig                       0x080040ed   Thumb Code   156  stm32f4xx_hal_tim.o(i.TIM_Base_SetConfig)
    TIM_CCxChannelCmd                        0x080041b5   Thumb Code    26  stm32f4xx_hal_tim.o(i.TIM_CCxChannelCmd)
    TIM_ETR_SetConfig                        0x080041cf   Thumb Code    20  stm32f4xx_hal_tim.o(i.TIM_ETR_SetConfig)
    TIM_OC2_SetConfig                        0x08004255   Thumb Code    98  stm32f4xx_hal_tim.o(i.TIM_OC2_SetConfig)
    UART8_IRQHandler                         0x080043c1   Thumb Code    26  stm32f4xx_it.o(i.UART8_IRQHandler)
    UART_Start_Receive_DMA                   0x08004715   Thumb Code   134  stm32f4xx_hal_uart.o(i.UART_Start_Receive_DMA)
    USART1_IRQHandler                        0x080047a9   Thumb Code    18  stm32f4xx_it.o(i.USART1_IRQHandler)
    USART6_IRQHandler                        0x080047c1   Thumb Code     6  stm32f4xx_it.o(i.USART6_IRQHandler)
    UsageFault_Handler                       0x080047cd   Thumb Code     2  stm32f4xx_it.o(i.UsageFault_Handler)
    Vision_Read_Data                         0x080047d1   Thumb Code    12  vision12.o(i.Vision_Read_Data)
    __ARM_fpclassify                         0x080047e1   Thumb Code    48  fpclassify.o(i.__ARM_fpclassify)
    __hardfp_asin                            0x08004831   Thumb Code   770  asin.o(i.__hardfp_asin)
    __hardfp_atan                            0x08004b91   Thumb Code   622  atan.o(i.__hardfp_atan)
    __hardfp_atan2                           0x08004e69   Thumb Code   448  atan2.o(i.__hardfp_atan2)
    __hardfp_cos                             0x08005069   Thumb Code   180  cos.o(i.__hardfp_cos)
    __hardfp_fabs                            0x08005131   Thumb Code    20  fabs.o(i.__hardfp_fabs)
    __hardfp_sin                             0x08005149   Thumb Code   180  sin.o(i.__hardfp_sin)
    __hardfp_sqrt                            0x08005211   Thumb Code   122  sqrt.o(i.__hardfp_sqrt)
    __ieee754_rem_pio2                       0x08005291   Thumb Code   938  rred.o(i.__ieee754_rem_pio2)
    __kernel_cos                             0x080056c9   Thumb Code   322  cos_i.o(i.__kernel_cos)
    __kernel_poly                            0x08005839   Thumb Code   248  poly.o(i.__kernel_poly)
    __kernel_sin                             0x08005931   Thumb Code   280  sin_i.o(i.__kernel_sin)
    __mathlib_dbl_infnan                     0x08005a61   Thumb Code    20  dunder.o(i.__mathlib_dbl_infnan)
    __mathlib_dbl_infnan2                    0x08005a75   Thumb Code    20  dunder.o(i.__mathlib_dbl_infnan2)
    __mathlib_dbl_invalid                    0x08005a89   Thumb Code    24  dunder.o(i.__mathlib_dbl_invalid)
    __mathlib_dbl_underflow                  0x08005aa9   Thumb Code    24  dunder.o(i.__mathlib_dbl_underflow)
    __scatterload_copy                       0x08005ac9   Thumb Code    14  handlers.o(i.__scatterload_copy)
    __scatterload_null                       0x08005ad7   Thumb Code     2  handlers.o(i.__scatterload_null)
    __scatterload_zeroinit                   0x08005ad9   Thumb Code    14  handlers.o(i.__scatterload_zeroinit)
    __set_errno                              0x08005ae9   Thumb Code     6  errno.o(i.__set_errno)
    atan                                     0x08005af5   Thumb Code    16  atan.o(i.atan)
    bodan_2                                  0x08005b05   Thumb Code   138  firemotor.o(i.bodan_2)
    can2_filter_init                         0x08005ba5   Thumb Code    52  canmotor.o(i.can2_filter_init)
    can_filter_init                          0x08005bdd   Thumb Code    50  canmotor.o(i.can_filter_init)
    can_output                               0x08005c15   Thumb Code    78  canmotor.o(i.can_output)
    can_output_firemotor                     0x08005c69   Thumb Code    80  canmotor.o(i.can_output_firemotor)
    dbus_uart_init                           0x08005cbd   Thumb Code    64  remoter.o(i.dbus_uart_init)
    dipan_xtl                                0x08005d05   Thumb Code   262  xiaotuoluo.o(i.dipan_xtl)
    fabs                                     0x08005e3d   Thumb Code    24  fabs.o(i.fabs)
    heatjr                                   0x08005e55   Thumb Code   192  heat.o(i.heatjr)
    imu_ahrs_update                          0x08005f41   Thumb Code  1194  bsp_imu.o(i.imu_ahrs_update)
    imu_attitude_update                      0x080063ed   Thumb Code   346  bsp_imu.o(i.imu_attitude_update)
    init_quaternion                          0x08006561   Thumb Code   360  bsp_imu.o(i.init_quaternion)
    inv_sqrt                                 0x0800672d   Thumb Code    40  bsp_imu.o(i.inv_sqrt)
    ist8310_get_data                         0x08006759   Thumb Code    10  bsp_imu.o(i.ist8310_get_data)
    ist8310_init                             0x08006763   Thumb Code   256  bsp_imu.o(i.ist8310_init)
    main                                     0x080068dd   Thumb Code   206  main.o(i.main)
    mpu_device_init                          0x080069d1   Thumb Code    90  bsp_imu.o(i.mpu_device_init)
    mpu_get_data                             0x08006a35   Thumb Code   234  bsp_imu.o(i.mpu_get_data)
    mpu_offset_call                          0x08006bc5   Thumb Code   162  bsp_imu.o(i.mpu_offset_call)
    mpu_read_byte                            0x08006c6d   Thumb Code    68  bsp_imu.o(i.mpu_read_byte)
    mpu_read_bytes                           0x08006cbd   Thumb Code    80  bsp_imu.o(i.mpu_read_bytes)
    mpu_set_accel_fsr                        0x08006d19   Thumb Code    10  bsp_imu.o(i.mpu_set_accel_fsr)
    mpu_set_gyro_fsr                         0x08006d23   Thumb Code    10  bsp_imu.o(i.mpu_set_gyro_fsr)
    mpu_write_byte                           0x08006d2d   Thumb Code    72  bsp_imu.o(i.mpu_write_byte)
    osDelay                                  0x08006d81   Thumb Code    16  cmsis_os.o(i.osDelay)
    osKernelStart                            0x08006d91   Thumb Code    10  cmsis_os.o(i.osKernelStart)
    osThreadCreate                           0x08006d9b   Thumb Code    92  cmsis_os.o(i.osThreadCreate)
    pid_bodan                                0x08006df9   Thumb Code   178  pid.o(i.pid_bodan)
    pid_out_val                              0x08006ebd   Thumb Code  1390  pid.o(i.pid_out_val)
    pvPortMalloc                             0x080077b5   Thumb Code   224  heap_4.o(i.pvPortMalloc)
    pxPortInitialiseStack                    0x0800789d   Thumb Code    38  port.o(i.pxPortInitialiseStack)
    rc_callback_handler                      0x080078c9   Thumb Code   188  remoter.o(i.rc_callback_handler)
    set_motor_voltage_can2_low               0x080079a1   Thumb Code    76  canmotor.o(i.set_motor_voltage_can2_low)
    sqrt                                     0x080079f1   Thumb Code   110  sqrt.o(i.sqrt)
    uart_receive_handler                     0x08007a61   Thumb Code    86  remoter.o(i.uart_receive_handler)
    uxListRemove                             0x08007ac1   Thumb Code    38  list.o(i.uxListRemove)
    vApplicationGetIdleTaskMemory            0x08007ae9   Thumb Code    16  freertos.o(i.vApplicationGetIdleTaskMemory)
    vListInitialise                          0x08007afd   Thumb Code    22  list.o(i.vListInitialise)
    vListInitialiseItem                      0x08007b13   Thumb Code     6  list.o(i.vListInitialiseItem)
    vListInsert                              0x08007b19   Thumb Code    54  list.o(i.vListInsert)
    vListInsertEnd                           0x08007b4f   Thumb Code    24  list.o(i.vListInsertEnd)
    vPortEnterCritical                       0x08007b69   Thumb Code    54  port.o(i.vPortEnterCritical)
    vPortExitCritical                        0x08007ba9   Thumb Code    38  port.o(i.vPortExitCritical)
    vPortFree                                0x08007bd5   Thumb Code    94  heap_4.o(i.vPortFree)
    vPortSetupTimerInterrupt                 0x08007c39   Thumb Code    32  port.o(i.vPortSetupTimerInterrupt)
    vTaskDelay                               0x08007c5d   Thumb Code    70  tasks.o(i.vTaskDelay)
    vTaskStartScheduler                      0x08007cad   Thumb Code   120  tasks.o(i.vTaskStartScheduler)
    vTaskSuspendAll                          0x08007d35   Thumb Code    10  tasks.o(i.vTaskSuspendAll)
    vTaskSwitchContext                       0x08007d45   Thumb Code    86  tasks.o(i.vTaskSwitchContext)
    xPortStartScheduler                      0x08007da5   Thumb Code   232  port.o(i.xPortStartScheduler)
    xTaskCreate                              0x08007ea9   Thumb Code   108  tasks.o(i.xTaskCreate)
    xTaskCreateStatic                        0x08007f15   Thumb Code    96  tasks.o(i.xTaskCreateStatic)
    xTaskIncrementTick                       0x08007f75   Thumb Code   202  tasks.o(i.xTaskIncrementTick)
    xTaskResumeAll                           0x08008049   Thumb Code   190  tasks.o(i.xTaskResumeAll)
    zhencha                                  0x08008115   Thumb Code   170  xiaotuoluo.o(i.zhencha)
    zhuanhua                                 0x080081ed   Thumb Code   114  tiqushuju.o(i.zhuanhua)
    zimiao                                   0x08008269   Thumb Code   304  tiqushuju.o(i.zimiao)
    AHBPrescTable                            0x08008438   Data          16  system_stm32f4xx.o(.constdata)
    APBPrescTable                            0x08008448   Data           8  system_stm32f4xx.o(.constdata)
    __mathlib_zero                           0x08008568   Data           8  qnan.o(.constdata)
    Region$$Table$$Base                      0x08008688   Number         0  anon$$obj.o(Region$$Table)
    Region$$Table$$Limit                     0x080086a8   Number         0  anon$$obj.o(Region$$Table)
    val_1cs1                                 0x20000000   Data           4  canmotor.o(.data)
    val_1cs2                                 0x20000004   Data           4  canmotor.o(.data)
    val_1cs3                                 0x20000008   Data           4  canmotor.o(.data)
    val_1cs4                                 0x2000000c   Data           4  canmotor.o(.data)
    val_1cs5                                 0x20000010   Data           4  canmotor.o(.data)
    val_1cs6                                 0x20000014   Data           4  canmotor.o(.data)
    val_1cs7speed                            0x20000018   Data           4  canmotor.o(.data)
    val_1cs7angle                            0x2000001c   Data           4  canmotor.o(.data)
    val_1cs6speed                            0x20000020   Data           4  canmotor.o(.data)
    cancs1                                   0x20000024   Data           4  canmotor.o(.data)
    cancs2                                   0x20000028   Data           4  canmotor.o(.data)
    cancs3                                   0x2000002c   Data           4  canmotor.o(.data)
    rx_data                                  0x20000030   Data           8  canmotor.o(.data)
    motorvalleft                             0x20000038   Data           4  canmotor.o(.data)
    motorval1                                0x2000003c   Data           4  canmotor.o(.data)
    motorval2                                0x20000040   Data           4  canmotor.o(.data)
    motorval3                                0x20000044   Data           4  canmotor.o(.data)
    motorval4                                0x20000048   Data           4  canmotor.o(.data)
    motorvalright                            0x2000004c   Data           4  canmotor.o(.data)
    bolun                                    0x20000050   Data           4  remoter.o(.data)
    limit                                    0x20000058   Data           4  pid.o(.data)
    limitcyval                               0x2000005c   Data           4  pid.o(.data)
    s1                                       0x20000060   Data           4  pid.o(.data)
    s2                                       0x20000064   Data           4  pid.o(.data)
    s3                                       0x20000068   Data           4  pid.o(.data)
    s4                                       0x2000006c   Data           4  pid.o(.data)
    le1                                      0x20000070   Data           4  pid.o(.data)
    le2                                      0x20000074   Data           4  pid.o(.data)
    le3                                      0x20000078   Data           4  pid.o(.data)
    le4                                      0x2000007c   Data           4  pid.o(.data)
    e1                                       0x20000080   Data           4  pid.o(.data)
    e2                                       0x20000084   Data           4  pid.o(.data)
    e3                                       0x20000088   Data           4  pid.o(.data)
    e4                                       0x2000008c   Data           4  pid.o(.data)
    de1                                      0x20000090   Data           4  pid.o(.data)
    de2                                      0x20000094   Data           4  pid.o(.data)
    de3                                      0x20000098   Data           4  pid.o(.data)
    de4                                      0x2000009c   Data           4  pid.o(.data)
    ue1                                      0x200000a0   Data           4  pid.o(.data)
    ue2                                      0x200000a4   Data           4  pid.o(.data)
    ue3                                      0x200000a8   Data           4  pid.o(.data)
    ue4                                      0x200000ac   Data           4  pid.o(.data)
    sval1                                    0x200000b0   Data           4  pid.o(.data)
    sval2                                    0x200000b4   Data           4  pid.o(.data)
    sval3                                    0x200000b8   Data           4  pid.o(.data)
    sval4                                    0x200000bc   Data           4  pid.o(.data)
    setmv1                                   0x200000c0   Data           4  pid.o(.data)
    out1                                     0x200000c4   Data           4  pid.o(.data)
    out2                                     0x200000c8   Data           4  pid.o(.data)
    out3                                     0x200000cc   Data           4  pid.o(.data)
    out4                                     0x200000d0   Data           4  pid.o(.data)
    shangdan                                 0x200000d4   Data           4  pid.o(.data)
    sety                                     0x200000d8   Data           4  pid.o(.data)
    setx                                     0x200000dc   Data           4  pid.o(.data)
    xcos                                     0x200000e0   Data           4  pid.o(.data)
    ysin                                     0x200000e4   Data           4  pid.o(.data)
    setbodanspeed                            0x200000e8   Data           4  pid.o(.data)
    leijiwucha                               0x200000ec   Data           4  pid.o(.data)
    weifenwucha                              0x200000f0   Data           4  pid.o(.data)
    lasterrorwucha                           0x200000f4   Data           4  pid.o(.data)
    speedcs                                  0x200000f8   Data           4  pid.o(.data)
    errorwucha1                              0x200000fc   Data           4  pid.o(.data)
    val                                      0x20000100   Data           8  pid.o(.data)
    seita                                    0x20000108   Data           8  pid.o(.data)
    VisionRecvData                           0x20000110   Data           8  vision12.o(.data)
    VisionSendData                           0x20000118   Data           8  vision12.o(.data)
    r                                        0x20000120   Data           4  xiaotuoluo.o(.data)
    R                                        0x20000124   Data           4  xiaotuoluo.o(.data)
    klun                                     0x20000128   Data           4  xiaotuoluo.o(.data)
    kyun                                     0x2000012c   Data           4  xiaotuoluo.o(.data)
    apd                                      0x20000130   Data           4  xiaotuoluo.o(.data)
    vpingjun                                 0x20000134   Data           4  xiaotuoluo.o(.data)
    Wd                                       0x20000138   Data           4  xiaotuoluo.o(.data)
    Wy                                       0x2000013c   Data           4  xiaotuoluo.o(.data)
    Wl                                       0x20000140   Data           4  xiaotuoluo.o(.data)
    syun                                     0x20000144   Data           4  xiaotuoluo.o(.data)
    Wsetsyun                                 0x20000148   Data           4  xiaotuoluo.o(.data)
    errWsyun                                 0x2000014c   Data           4  xiaotuoluo.o(.data)
    iWerrsyun                                0x20000150   Data           4  xiaotuoluo.o(.data)
    lastWerrsyun                             0x20000154   Data           4  xiaotuoluo.o(.data)
    dWerryun                                 0x20000158   Data           4  xiaotuoluo.o(.data)
    outyun                                   0x2000015c   Data           4  xiaotuoluo.o(.data)
    yval                                     0x20000160   Data           4  xiaotuoluo.o(.data)
    csout5                                   0x20000164   Data           4  xiaotuoluo.o(.data)
    bpd                                      0x20000168   Data           4  xiaotuoluo.o(.data)
    baitoudu                                 0x20000170   Data           8  xiaotuoluo.o(.data)
    csout5d                                  0x20000178   Data           8  xiaotuoluo.o(.data)
    csout5i                                  0x20000180   Data           8  xiaotuoluo.o(.data)
    setpitval                                0x20000188   Data           4  tiqushuju.o(.data)
    setyawval                                0x2000018c   Data           4  tiqushuju.o(.data)
    pitge                                    0x20000190   Data           4  tiqushuju.o(.data)
    yawge                                    0x20000194   Data           4  tiqushuju.o(.data)
    yawshi                                   0x20000198   Data           4  tiqushuju.o(.data)
    pitval                                   0x2000019c   Data           4  tiqushuju.o(.data)
    yawval                                   0x200001a0   Data           4  tiqushuju.o(.data)
    csa                                      0x200001a4   Data           4  tiqushuju.o(.data)
    errpit                                   0x200001a8   Data           4  tiqushuju.o(.data)
    erryal                                   0x200001ac   Data           4  tiqushuju.o(.data)
    ipit                                     0x200001b0   Data           4  tiqushuju.o(.data)
    iyaw                                     0x200001b4   Data           4  tiqushuju.o(.data)
    outpit                                   0x200001b8   Data           4  tiqushuju.o(.data)
    outyaw                                   0x200001bc   Data           4  tiqushuju.o(.data)
    dpit                                     0x200001c0   Data           4  tiqushuju.o(.data)
    dyaw                                     0x200001c4   Data           4  tiqushuju.o(.data)
    lasterrpit                               0x200001c8   Data           4  tiqushuju.o(.data)
    lasterryaw                               0x200001cc   Data           4  tiqushuju.o(.data)
    outd                                     0x200001d0   Data           4  tiqushuju.o(.data)
    id                                       0x200001d6   Data           1  bsp_imu.o(.data)
    q0                                       0x200001d8   Data           4  bsp_imu.o(.data)
    q1                                       0x200001dc   Data           4  bsp_imu.o(.data)
    q2                                       0x200001e0   Data           4  bsp_imu.o(.data)
    q3                                       0x200001e4   Data           4  bsp_imu.o(.data)
    exInt                                    0x200001e8   Data           4  bsp_imu.o(.data)
    eyInt                                    0x200001ec   Data           4  bsp_imu.o(.data)
    ezInt                                    0x200001f0   Data           4  bsp_imu.o(.data)
    last_update                              0x20000218   Data           4  bsp_imu.o(.data)
    now_update                               0x2000021c   Data           4  bsp_imu.o(.data)
    ist_buff                                 0x20000220   Data           6  bsp_imu.o(.data)
    setheat                                  0x20000238   Data           4  heat.o(.data)
    heatout                                  0x2000023c   Data           4  heat.o(.data)
    heatcs                                   0x20000240   Data           4  heat.o(.data)
    ptytcs                                   0x20000244   Data           4  heat.o(.data)
    pterr                                    0x20000248   Data           4  heat.o(.data)
    ptiout                                   0x2000024c   Data           4  heat.o(.data)
    ptdcs                                    0x20000250   Data           8  heat.o(.data)
    ptierr                                   0x20000258   Data           8  heat.o(.data)
    zmcs                                     0x20000260   Data           4  freertos.o(.data)
    defaultTaskHandle                        0x20000264   Data           4  freertos.o(.data)
    dipanHandle                              0x20000268   Data           4  freertos.o(.data)
    yuntaiHandle                             0x2000026c   Data           4  freertos.o(.data)
    myTask04Handle                           0x20000270   Data           4  freertos.o(.data)
    abcd                                     0x20000278   Data           4  stm32f4xx_it.o(.data)
    uwTickFreq                               0x2000027c   Data           1  stm32f4xx_hal.o(.data)
    uwTickPrio                               0x20000280   Data           4  stm32f4xx_hal.o(.data)
    uwTick                                   0x20000284   Data           4  stm32f4xx_hal.o(.data)
    SystemCoreClock                          0x20000288   Data           4  system_stm32f4xx.o(.data)
    pxCurrentTCB                             0x2000028c   Data           4  tasks.o(.data)
    val_1                                    0x200002f8   Data         192  canmotor.o(.bss)
    dbus_buf                                 0x200003b8   Data          18  remoter.o(.bss)
    rc                                       0x200003ca   Data          12  remoter.o(.bss)
    Com4_Vision_Buffer                       0x200003d6   Data         100  vision12.o(.bss)
    pid                                      0x2000043c   Data          72  xiaotuoluo.o(.bss)
    imu                                      0x20000484   Data          52  bsp_imu.o(.bss)
    mpu_buff                                 0x200004b8   Data          14  bsp_imu.o(.bss)
    mpu_data                                 0x200004c6   Data          32  bsp_imu.o(.bss)
    heatpid                                  0x200004e8   Data          72  heat.o(.bss)
    ptpid                                    0x20000530   Data          72  heat.o(.bss)
    hadc1                                    0x200007cc   Data          72  adc.o(.bss)
    hdma_adc1                                0x20000814   Data          96  adc.o(.bss)
    hcan1                                    0x20000874   Data          40  can.o(.bss)
    hcan2                                    0x2000089c   Data          40  can.o(.bss)
    hi2c2                                    0x200008c4   Data          84  i2c.o(.bss)
    hi2c3                                    0x20000918   Data          84  i2c.o(.bss)
    hspi5                                    0x2000096c   Data          88  spi.o(.bss)
    htim1                                    0x200009c4   Data          72  tim.o(.bss)
    htim3                                    0x20000a0c   Data          72  tim.o(.bss)
    huart8                                   0x20000a54   Data          68  usart.o(.bss)
    huart1                                   0x20000a98   Data          68  usart.o(.bss)
    huart6                                   0x20000adc   Data          68  usart.o(.bss)
    hdma_uart8_rx                            0x20000b20   Data          96  usart.o(.bss)
    hdma_usart1_rx                           0x20000b80   Data          96  usart.o(.bss)
    hdma_usart6_tx                           0x20000be0   Data          96  usart.o(.bss)
    htim2                                    0x20000c40   Data          72  stm32f4xx_hal_timebase_tim.o(.bss)
    __initial_sp                             0x20004d78   Data           0  startup_stm32f427xx.o(STACK)



==============================================================================

Memory Map of the image

  Image Entry point : 0x080001ad

  Load Region LR_IROM1 (Base: 0x08000000, Size: 0x000089a0, Max: 0x00200000, ABSOLUTE, COMPRESSED[0x000086ec])

    Execution Region ER_IROM1 (Exec base: 0x08000000, Load base: 0x08000000, Size: 0x000086a8, Max: 0x00200000, ABSOLUTE)

    Exec Addr    Load Addr    Size         Type   Attr      Idx    E Section Name        Object

    0x08000000   0x08000000   0x000001ac   Data   RO            3    RESET               startup_stm32f427xx.o
    0x080001ac   0x080001ac   0x00000000   Code   RO         7108  * .ARM.Collect$$$$00000000  mc_w.l(entry.o)
    0x080001ac   0x080001ac   0x00000004   Code   RO         7186    .ARM.Collect$$$$00000001  mc_w.l(entry2.o)
    0x080001b0   0x080001b0   0x00000004   Code   RO         7189    .ARM.Collect$$$$00000004  mc_w.l(entry5.o)
    0x080001b4   0x080001b4   0x00000000   Code   RO         7191    .ARM.Collect$$$$00000008  mc_w.l(entry7b.o)
    0x080001b4   0x080001b4   0x00000000   Code   RO         7193    .ARM.Collect$$$$0000000A  mc_w.l(entry8b.o)
    0x080001b4   0x080001b4   0x00000008   Code   RO         7194    .ARM.Collect$$$$0000000B  mc_w.l(entry9a.o)
    0x080001bc   0x080001bc   0x00000004   Code   RO         7201    .ARM.Collect$$$$0000000E  mc_w.l(entry12b.o)
    0x080001c0   0x080001c0   0x00000000   Code   RO         7196    .ARM.Collect$$$$0000000F  mc_w.l(entry10a.o)
    0x080001c0   0x080001c0   0x00000000   Code   RO         7198    .ARM.Collect$$$$00000011  mc_w.l(entry11a.o)
    0x080001c0   0x080001c0   0x00000004   Code   RO         7187    .ARM.Collect$$$$00002712  mc_w.l(entry2.o)
    0x080001c4   0x080001c4   0x000000be   Code   RO         6963    .emb_text           port.o
    0x08000282   0x08000282   0x00000002   PAD
    0x08000284   0x08000284   0x00000024   Code   RO            4    .text               startup_stm32f427xx.o
    0x080002a8   0x080002a8   0x00000062   Code   RO         7111    .text               mc_w.l(uldiv.o)
    0x0800030a   0x0800030a   0x00000024   Code   RO         7113    .text               mc_w.l(memcpya.o)
    0x0800032e   0x0800032e   0x00000024   Code   RO         7117    .text               mc_w.l(memseta.o)
    0x08000352   0x08000352   0x0000014e   Code   RO         7121    .text               mf_w.l(dadd.o)
    0x080004a0   0x080004a0   0x000000e4   Code   RO         7123    .text               mf_w.l(dmul.o)
    0x08000584   0x08000584   0x000000de   Code   RO         7125    .text               mf_w.l(ddiv.o)
    0x08000662   0x08000662   0x00000022   Code   RO         7127    .text               mf_w.l(dflti.o)
    0x08000684   0x08000684   0x0000003e   Code   RO         7129    .text               mf_w.l(dfixi.o)
    0x080006c2   0x080006c2   0x00000026   Code   RO         7131    .text               mf_w.l(f2d.o)
    0x080006e8   0x080006e8   0x00000030   Code   RO         7133    .text               mf_w.l(cdcmple.o)
    0x08000718   0x08000718   0x00000030   Code   RO         7135    .text               mf_w.l(cdrcmple.o)
    0x08000748   0x08000748   0x00000038   Code   RO         7137    .text               mf_w.l(d2f.o)
    0x08000780   0x08000780   0x0000001e   Code   RO         7202    .text               mc_w.l(llshl.o)
    0x0800079e   0x0800079e   0x00000020   Code   RO         7204    .text               mc_w.l(llushr.o)
    0x080007be   0x080007be   0x00000024   Code   RO         7206    .text               mc_w.l(llsshr.o)
    0x080007e2   0x080007e2   0x00000000   Code   RO         7215    .text               mc_w.l(iusefp.o)
    0x080007e2   0x080007e2   0x0000006e   Code   RO         7216    .text               mf_w.l(fepilogue.o)
    0x08000850   0x08000850   0x000000ba   Code   RO         7218    .text               mf_w.l(depilogue.o)
    0x0800090a   0x0800090a   0x000000a2   Code   RO         7222    .text               mf_w.l(dsqrt.o)
    0x080009ac   0x080009ac   0x00000024   Code   RO         7224    .text               mc_w.l(init.o)
    0x080009d0   0x080009d0   0x0000001a   Code   RO         7226    .text               mf_w.l(dfltui.o)
    0x080009ea   0x080009ea   0x0000003a   Code   RO         7236    .text               mc_w.l(__dczerorl.o)
    0x08000a24   0x08000a24   0x00000128   Code   RO         1849    i.ADC_Init          stm32f4xx_hal_adc.o
    0x08000b4c   0x08000b4c   0x00000002   Code   RO         1644    i.BusFault_Handler  stm32f4xx_it.o
    0x08000b4e   0x08000b4e   0x00000002   PAD
    0x08000b50   0x08000b50   0x0000000c   Code   RO         1645    i.CAN1_RX0_IRQHandler  stm32f4xx_it.o
    0x08000b5c   0x08000b5c   0x0000000c   Code   RO         1646    i.CAN2_RX0_IRQHandler  stm32f4xx_it.o
    0x08000b68   0x08000b68   0x0000000c   Code   RO         1647    i.CAN2_RX1_IRQHandler  stm32f4xx_it.o
    0x08000b74   0x08000b74   0x0000000c   Code   RO         1648    i.DMA1_Stream6_IRQHandler  stm32f4xx_it.o
    0x08000b80   0x08000b80   0x0000000c   Code   RO         1649    i.DMA2_Stream0_IRQHandler  stm32f4xx_it.o
    0x08000b8c   0x08000b8c   0x0000000c   Code   RO         1650    i.DMA2_Stream2_IRQHandler  stm32f4xx_it.o
    0x08000b98   0x08000b98   0x0000000c   Code   RO         1651    i.DMA2_Stream6_IRQHandler  stm32f4xx_it.o
    0x08000ba4   0x08000ba4   0x00000028   Code   RO         2635    i.DMA_CalcBaseAndBitshift  stm32f4xx_hal_dma.o
    0x08000bcc   0x08000bcc   0x00000054   Code   RO         2636    i.DMA_CheckFifoParam  stm32f4xx_hal_dma.o
    0x08000c20   0x08000c20   0x00000028   Code   RO         2637    i.DMA_SetConfig     stm32f4xx_hal_dma.o
    0x08000c48   0x08000c48   0x00000002   Code   RO         1652    i.DebugMon_Handler  stm32f4xx_it.o
    0x08000c4a   0x08000c4a   0x00000006   Code   RO         1653    i.EXTI3_IRQHandler  stm32f4xx_it.o
    0x08000c50   0x08000c50   0x00000004   Code   RO         1028    i.Error_Handler     main.o
    0x08000c54   0x08000c54   0x00000164   Code   RO         1851    i.HAL_ADC_ConfigChannel  stm32f4xx_hal_adc.o
    0x08000db8   0x08000db8   0x00000054   Code   RO         1860    i.HAL_ADC_Init      stm32f4xx_hal_adc.o
    0x08000e0c   0x08000e0c   0x0000009c   Code   RO         1320    i.HAL_ADC_MspInit   adc.o
    0x08000ea8   0x08000ea8   0x00000024   Code   RO         3339    i.HAL_CAN_ActivateNotification  stm32f4xx_hal_can.o
    0x08000ecc   0x08000ecc   0x000000dc   Code   RO         3340    i.HAL_CAN_AddTxMessage  stm32f4xx_hal_can.o
    0x08000fa8   0x08000fa8   0x0000010c   Code   RO         3341    i.HAL_CAN_ConfigFilter  stm32f4xx_hal_can.o
    0x080010b4   0x080010b4   0x00000002   Code   RO         3344    i.HAL_CAN_ErrorCallback  stm32f4xx_hal_can.o
    0x080010b6   0x080010b6   0x000000e8   Code   RO         3347    i.HAL_CAN_GetRxMessage  stm32f4xx_hal_can.o
    0x0800119e   0x0800119e   0x000001fc   Code   RO         3351    i.HAL_CAN_IRQHandler  stm32f4xx_hal_can.o
    0x0800139a   0x0800139a   0x0000011a   Code   RO         3352    i.HAL_CAN_Init      stm32f4xx_hal_can.o
    0x080014b4   0x080014b4   0x0000010c   Code   RO         1362    i.HAL_CAN_MspInit   can.o
    0x080015c0   0x080015c0   0x00000002   Code   RO         3359    i.HAL_CAN_RxFifo0FullCallback  stm32f4xx_hal_can.o
    0x080015c2   0x080015c2   0x00000002   PAD
    0x080015c4   0x080015c4   0x000000e4   Code   RO           13    i.HAL_CAN_RxFifo0MsgPendingCallback  canmotor.o
    0x080016a8   0x080016a8   0x00000002   Code   RO         3361    i.HAL_CAN_RxFifo1FullCallback  stm32f4xx_hal_can.o
    0x080016aa   0x080016aa   0x00000002   Code   RO         3362    i.HAL_CAN_RxFifo1MsgPendingCallback  stm32f4xx_hal_can.o
    0x080016ac   0x080016ac   0x00000002   Code   RO         3363    i.HAL_CAN_SleepCallback  stm32f4xx_hal_can.o
    0x080016ae   0x080016ae   0x00000002   PAD
    0x080016b0   0x080016b0   0x00000058   Code   RO         3364    i.HAL_CAN_Start     stm32f4xx_hal_can.o
    0x08001708   0x08001708   0x00000002   Code   RO         3366    i.HAL_CAN_TxMailbox0AbortCallback  stm32f4xx_hal_can.o
    0x0800170a   0x0800170a   0x00000002   Code   RO         3367    i.HAL_CAN_TxMailbox0CompleteCallback  stm32f4xx_hal_can.o
    0x0800170c   0x0800170c   0x00000002   Code   RO         3368    i.HAL_CAN_TxMailbox1AbortCallback  stm32f4xx_hal_can.o
    0x0800170e   0x0800170e   0x00000002   Code   RO         3369    i.HAL_CAN_TxMailbox1CompleteCallback  stm32f4xx_hal_can.o
    0x08001710   0x08001710   0x00000002   Code   RO         3370    i.HAL_CAN_TxMailbox2AbortCallback  stm32f4xx_hal_can.o
    0x08001712   0x08001712   0x00000002   Code   RO         3371    i.HAL_CAN_TxMailbox2CompleteCallback  stm32f4xx_hal_can.o
    0x08001714   0x08001714   0x00000002   Code   RO         3373    i.HAL_CAN_WakeUpFromRxMsgCallback  stm32f4xx_hal_can.o
    0x08001716   0x08001716   0x00000092   Code   RO         2638    i.HAL_DMA_Abort     stm32f4xx_hal_dma.o
    0x080017a8   0x080017a8   0x00000024   Code   RO         2639    i.HAL_DMA_Abort_IT  stm32f4xx_hal_dma.o
    0x080017cc   0x080017cc   0x000001a0   Code   RO         2643    i.HAL_DMA_IRQHandler  stm32f4xx_hal_dma.o
    0x0800196c   0x0800196c   0x000000d4   Code   RO         2644    i.HAL_DMA_Init      stm32f4xx_hal_dma.o
    0x08001a40   0x08001a40   0x00000046   Code   RO         2647    i.HAL_DMA_Start     stm32f4xx_hal_dma.o
    0x08001a86   0x08001a86   0x0000006e   Code   RO         2648    i.HAL_DMA_Start_IT  stm32f4xx_hal_dma.o
    0x08001af4   0x08001af4   0x00000024   Code   RO         3075    i.HAL_Delay         stm32f4xx_hal.o
    0x08001b18   0x08001b18   0x00000002   Code   RO         2529    i.HAL_GPIO_EXTI_Callback  stm32f4xx_hal_gpio.o
    0x08001b1a   0x08001b1a   0x00000002   PAD
    0x08001b1c   0x08001b1c   0x00000018   Code   RO         2530    i.HAL_GPIO_EXTI_IRQHandler  stm32f4xx_hal_gpio.o
    0x08001b34   0x08001b34   0x00000234   Code   RO         2531    i.HAL_GPIO_Init     stm32f4xx_hal_gpio.o
    0x08001d68   0x08001d68   0x0000000a   Code   RO         2535    i.HAL_GPIO_WritePin  stm32f4xx_hal_gpio.o
    0x08001d72   0x08001d72   0x00000002   PAD
    0x08001d74   0x08001d74   0x0000000c   Code   RO         3083    i.HAL_GetTick       stm32f4xx_hal.o
    0x08001d80   0x08001d80   0x00000042   Code   RO         4004    i.HAL_I2CEx_ConfigAnalogFilter  stm32f4xx_hal_i2c_ex.o
    0x08001dc2   0x08001dc2   0x0000003e   Code   RO         4005    i.HAL_I2CEx_ConfigDigitalFilter  stm32f4xx_hal_i2c_ex.o
    0x08001e00   0x08001e00   0x00000188   Code   RO         3583    i.HAL_I2C_Init      stm32f4xx_hal_i2c.o
    0x08001f88   0x08001f88   0x000000e4   Code   RO         1435    i.HAL_I2C_MspInit   i2c.o
    0x0800206c   0x0800206c   0x00000010   Code   RO         3089    i.HAL_IncTick       stm32f4xx_hal.o
    0x0800207c   0x0800207c   0x00000034   Code   RO         3090    i.HAL_Init          stm32f4xx_hal.o
    0x080020b0   0x080020b0   0x00000074   Code   RO         1807    i.HAL_InitTick      stm32f4xx_hal_timebase_tim.o
    0x08002124   0x08002124   0x00000038   Code   RO         1783    i.HAL_MspInit       stm32f4xx_hal_msp.o
    0x0800215c   0x0800215c   0x0000001a   Code   RO         2938    i.HAL_NVIC_EnableIRQ  stm32f4xx_hal_cortex.o
    0x08002176   0x08002176   0x00000002   PAD
    0x08002178   0x08002178   0x00000040   Code   RO         2944    i.HAL_NVIC_SetPriority  stm32f4xx_hal_cortex.o
    0x080021b8   0x080021b8   0x00000024   Code   RO         2945    i.HAL_NVIC_SetPriorityGrouping  stm32f4xx_hal_cortex.o
    0x080021dc   0x080021dc   0x00000070   Code   RO         2867    i.HAL_PWREx_EnableOverDrive  stm32f4xx_hal_pwr_ex.o
    0x0800224c   0x0800224c   0x00000134   Code   RO         2125    i.HAL_RCC_ClockConfig  stm32f4xx_hal_rcc.o
    0x08002380   0x08002380   0x00000040   Code   RO         2129    i.HAL_RCC_GetClockConfig  stm32f4xx_hal_rcc.o
    0x080023c0   0x080023c0   0x00000020   Code   RO         2132    i.HAL_RCC_GetPCLK1Freq  stm32f4xx_hal_rcc.o
    0x080023e0   0x080023e0   0x00000020   Code   RO         2133    i.HAL_RCC_GetPCLK2Freq  stm32f4xx_hal_rcc.o
    0x08002400   0x08002400   0x00000064   Code   RO         2134    i.HAL_RCC_GetSysClockFreq  stm32f4xx_hal_rcc.o
    0x08002464   0x08002464   0x0000036c   Code   RO         2137    i.HAL_RCC_OscConfig  stm32f4xx_hal_rcc.o
    0x080027d0   0x080027d0   0x000000bc   Code   RO         4045    i.HAL_SPI_Init      stm32f4xx_hal_spi.o
    0x0800288c   0x0800288c   0x00000080   Code   RO         1483    i.HAL_SPI_MspInit   spi.o
    0x0800290c   0x0800290c   0x000001e2   Code   RO         4054    i.HAL_SPI_TransmitReceive  stm32f4xx_hal_spi.o
    0x08002aee   0x08002aee   0x00000002   Code   RO         5062    i.HAL_TIMEx_BreakCallback  stm32f4xx_hal_tim_ex.o
    0x08002af0   0x08002af0   0x00000002   Code   RO         5063    i.HAL_TIMEx_CommutCallback  stm32f4xx_hal_tim_ex.o
    0x08002af2   0x08002af2   0x00000054   Code   RO         5065    i.HAL_TIMEx_ConfigBreakDeadTime  stm32f4xx_hal_tim_ex.o
    0x08002b46   0x08002b46   0x00000002   PAD
    0x08002b48   0x08002b48   0x00000090   Code   RO         5081    i.HAL_TIMEx_MasterConfigSynchronization  stm32f4xx_hal_tim_ex.o
    0x08002bd8   0x08002bd8   0x0000005a   Code   RO         4358    i.HAL_TIM_Base_Init  stm32f4xx_hal_tim.o
    0x08002c32   0x08002c32   0x00000002   PAD
    0x08002c34   0x08002c34   0x00000044   Code   RO         1525    i.HAL_TIM_Base_MspInit  tim.o
    0x08002c78   0x08002c78   0x00000080   Code   RO         4363    i.HAL_TIM_Base_Start_IT  stm32f4xx_hal_tim.o
    0x08002cf8   0x08002cf8   0x000000dc   Code   RO         4367    i.HAL_TIM_ConfigClockSource  stm32f4xx_hal_tim.o
    0x08002dd4   0x08002dd4   0x00000002   Code   RO         4392    i.HAL_TIM_IC_CaptureCallback  stm32f4xx_hal_tim.o
    0x08002dd6   0x08002dd6   0x00000166   Code   RO         4406    i.HAL_TIM_IRQHandler  stm32f4xx_hal_tim.o
    0x08002f3c   0x08002f3c   0x00000084   Code   RO         1526    i.HAL_TIM_MspPostInit  tim.o
    0x08002fc0   0x08002fc0   0x00000002   Code   RO         4409    i.HAL_TIM_OC_DelayElapsedCallback  stm32f4xx_hal_tim.o
    0x08002fc2   0x08002fc2   0x000000cc   Code   RO         4430    i.HAL_TIM_PWM_ConfigChannel  stm32f4xx_hal_tim.o
    0x0800308e   0x0800308e   0x0000005a   Code   RO         4433    i.HAL_TIM_PWM_Init  stm32f4xx_hal_tim.o
    0x080030e8   0x080030e8   0x00000002   Code   RO         4435    i.HAL_TIM_PWM_MspInit  stm32f4xx_hal_tim.o
    0x080030ea   0x080030ea   0x00000002   Code   RO         4436    i.HAL_TIM_PWM_PulseFinishedCallback  stm32f4xx_hal_tim.o
    0x080030ec   0x080030ec   0x000000c8   Code   RO         4438    i.HAL_TIM_PWM_Start  stm32f4xx_hal_tim.o
    0x080031b4   0x080031b4   0x0000000e   Code   RO         1029    i.HAL_TIM_PeriodElapsedCallback  main.o
    0x080031c2   0x080031c2   0x00000002   Code   RO         4449    i.HAL_TIM_TriggerCallback  stm32f4xx_hal_tim.o
    0x080031c4   0x080031c4   0x00000002   Code   RO         5340    i.HAL_UARTEx_RxEventCallback  stm32f4xx_hal_uart.o
    0x080031c6   0x080031c6   0x00000002   Code   RO         5354    i.HAL_UART_ErrorCallback  stm32f4xx_hal_uart.o
    0x080031c8   0x080031c8   0x00000268   Code   RO         5357    i.HAL_UART_IRQHandler  stm32f4xx_hal_uart.o
    0x08003430   0x08003430   0x00000062   Code   RO         5358    i.HAL_UART_Init     stm32f4xx_hal_uart.o
    0x08003492   0x08003492   0x00000002   PAD
    0x08003494   0x08003494   0x000001b4   Code   RO         1579    i.HAL_UART_MspInit  usart.o
    0x08003648   0x08003648   0x0000002a   Code   RO         5362    i.HAL_UART_Receive_DMA  stm32f4xx_hal_uart.o
    0x08003672   0x08003672   0x00000002   Code   RO         5364    i.HAL_UART_RxCpltCallback  stm32f4xx_hal_uart.o
    0x08003674   0x08003674   0x00000002   Code   RO         5365    i.HAL_UART_RxHalfCpltCallback  stm32f4xx_hal_uart.o
    0x08003676   0x08003676   0x00000002   Code   RO         5369    i.HAL_UART_TxCpltCallback  stm32f4xx_hal_uart.o
    0x08003678   0x08003678   0x00000002   Code   RO         1654    i.HardFault_Handler  stm32f4xx_it.o
    0x0800367a   0x0800367a   0x00000002   PAD
    0x0800367c   0x0800367c   0x00000078   Code   RO         1321    i.MX_ADC1_Init      adc.o
    0x080036f4   0x080036f4   0x00000064   Code   RO         1363    i.MX_CAN1_Init      can.o
    0x08003758   0x08003758   0x0000004c   Code   RO         1364    i.MX_CAN2_Init      can.o
    0x080037a4   0x080037a4   0x0000006c   Code   RO         1410    i.MX_DMA_Init       dma.o
    0x08003810   0x08003810   0x00000068   Code   RO         1172    i.MX_FREERTOS_Init  freertos.o
    0x08003878   0x08003878   0x000000d0   Code   RO         1148    i.MX_GPIO_Init      gpio.o
    0x08003948   0x08003948   0x0000005c   Code   RO         1436    i.MX_I2C2_Init      i2c.o
    0x080039a4   0x080039a4   0x0000005c   Code   RO         1437    i.MX_I2C3_Init      i2c.o
    0x08003a00   0x08003a00   0x00000048   Code   RO         1484    i.MX_SPI5_Init      spi.o
    0x08003a48   0x08003a48   0x000000e8   Code   RO         1527    i.MX_TIM1_Init      tim.o
    0x08003b30   0x08003b30   0x00000098   Code   RO         1528    i.MX_TIM3_Init      tim.o
    0x08003bc8   0x08003bc8   0x00000038   Code   RO         1580    i.MX_UART8_Init     usart.o
    0x08003c00   0x08003c00   0x00000050   Code   RO         1581    i.MX_USART1_UART_Init  usart.o
    0x08003c50   0x08003c50   0x00000038   Code   RO         1582    i.MX_USART6_UART_Init  usart.o
    0x08003c88   0x08003c88   0x00000002   Code   RO         1655    i.MemManage_Handler  stm32f4xx_it.o
    0x08003c8a   0x08003c8a   0x00000002   Code   RO         1656    i.NMI_Handler       stm32f4xx_it.o
    0x08003c8c   0x08003c8c   0x00000058   Code   RO         4083    i.SPI_EndRxTxTransaction  stm32f4xx_hal_spi.o
    0x08003ce4   0x08003ce4   0x000000b8   Code   RO         4088    i.SPI_WaitFlagStateUntilTimeout  stm32f4xx_hal_spi.o
    0x08003d9c   0x08003d9c   0x00000008   Code   RO         1173    i.StartDefaultTask  freertos.o
    0x08003da4   0x08003da4   0x000000d0   Code   RO         1174    i.StartTask02       freertos.o
    0x08003e74   0x08003e74   0x00000160   Code   RO         1175    i.StartTask03       freertos.o
    0x08003fd4   0x08003fd4   0x00000030   Code   RO         1176    i.StartTask04       freertos.o
    0x08004004   0x08004004   0x0000002c   Code   RO         6964    i.SysTick_Handler   port.o
    0x08004030   0x08004030   0x000000a0   Code   RO         1030    i.SystemClock_Config  main.o
    0x080040d0   0x080040d0   0x00000010   Code   RO         5687    i.SystemInit        system_stm32f4xx.o
    0x080040e0   0x080040e0   0x0000000c   Code   RO         1657    i.TIM2_IRQHandler   stm32f4xx_it.o
    0x080040ec   0x080040ec   0x000000c8   Code   RO         4451    i.TIM_Base_SetConfig  stm32f4xx_hal_tim.o
    0x080041b4   0x080041b4   0x0000001a   Code   RO         4452    i.TIM_CCxChannelCmd  stm32f4xx_hal_tim.o
    0x080041ce   0x080041ce   0x00000014   Code   RO         4462    i.TIM_ETR_SetConfig  stm32f4xx_hal_tim.o
    0x080041e2   0x080041e2   0x00000010   Code   RO         4463    i.TIM_ITRx_SetConfig  stm32f4xx_hal_tim.o
    0x080041f2   0x080041f2   0x00000002   PAD
    0x080041f4   0x080041f4   0x00000060   Code   RO         4464    i.TIM_OC1_SetConfig  stm32f4xx_hal_tim.o
    0x08004254   0x08004254   0x0000006c   Code   RO         4465    i.TIM_OC2_SetConfig  stm32f4xx_hal_tim.o
    0x080042c0   0x080042c0   0x00000068   Code   RO         4466    i.TIM_OC3_SetConfig  stm32f4xx_hal_tim.o
    0x08004328   0x08004328   0x00000050   Code   RO         4467    i.TIM_OC4_SetConfig  stm32f4xx_hal_tim.o
    0x08004378   0x08004378   0x00000022   Code   RO         4469    i.TIM_TI1_ConfigInputStage  stm32f4xx_hal_tim.o
    0x0800439a   0x0800439a   0x00000024   Code   RO         4471    i.TIM_TI2_ConfigInputStage  stm32f4xx_hal_tim.o
    0x080043be   0x080043be   0x00000002   PAD
    0x080043c0   0x080043c0   0x00000028   Code   RO         1658    i.UART8_IRQHandler  stm32f4xx_it.o
    0x080043e8   0x080043e8   0x00000010   Code   RO         5371    i.UART_DMAAbortOnError  stm32f4xx_hal_uart.o
    0x080043f8   0x080043f8   0x0000004a   Code   RO         5372    i.UART_DMAError     stm32f4xx_hal_uart.o
    0x08004442   0x08004442   0x00000082   Code   RO         5373    i.UART_DMAReceiveCplt  stm32f4xx_hal_uart.o
    0x080044c4   0x080044c4   0x0000001a   Code   RO         5375    i.UART_DMARxHalfCplt  stm32f4xx_hal_uart.o
    0x080044de   0x080044de   0x0000004e   Code   RO         5381    i.UART_EndRxTransfer  stm32f4xx_hal_uart.o
    0x0800452c   0x0800452c   0x0000001c   Code   RO         5382    i.UART_EndTxTransfer  stm32f4xx_hal_uart.o
    0x08004548   0x08004548   0x000000c0   Code   RO         5383    i.UART_Receive_IT   stm32f4xx_hal_uart.o
    0x08004608   0x08004608   0x0000010c   Code   RO         5384    i.UART_SetConfig    stm32f4xx_hal_uart.o
    0x08004714   0x08004714   0x00000094   Code   RO         5385    i.UART_Start_Receive_DMA  stm32f4xx_hal_uart.o
    0x080047a8   0x080047a8   0x00000018   Code   RO         1659    i.USART1_IRQHandler  stm32f4xx_it.o
    0x080047c0   0x080047c0   0x0000000c   Code   RO         1660    i.USART6_IRQHandler  stm32f4xx_it.o
    0x080047cc   0x080047cc   0x00000002   Code   RO         1661    i.UsageFault_Handler  stm32f4xx_it.o
    0x080047ce   0x080047ce   0x00000002   PAD
    0x080047d0   0x080047d0   0x00000010   Code   RO          570    i.Vision_Read_Data  vision12.o
    0x080047e0   0x080047e0   0x00000030   Code   RO         7170    i.__ARM_fpclassify  m_wm.l(fpclassify.o)
    0x08004810   0x08004810   0x00000020   Code   RO         2951    i.__NVIC_SetPriority  stm32f4xx_hal_cortex.o
    0x08004830   0x08004830   0x00000360   Code   RO         7040    i.__hardfp_asin     m_wm.l(asin.o)
    0x08004b90   0x08004b90   0x000002d8   Code   RO         7139    i.__hardfp_atan     m_wm.l(atan.o)
    0x08004e68   0x08004e68   0x00000200   Code   RO         7054    i.__hardfp_atan2    m_wm.l(atan2.o)
    0x08005068   0x08005068   0x000000c8   Code   RO         7066    i.__hardfp_cos      m_wm.l(cos.o)
    0x08005130   0x08005130   0x00000014   Code   RO         7078    i.__hardfp_fabs     m_wm.l(fabs.o)
    0x08005144   0x08005144   0x00000004   PAD
    0x08005148   0x08005148   0x000000c8   Code   RO         7084    i.__hardfp_sin      m_wm.l(sin.o)
    0x08005210   0x08005210   0x0000007a   Code   RO         7096    i.__hardfp_sqrt     m_wm.l(sqrt.o)
    0x0800528a   0x0800528a   0x00000006   PAD
    0x08005290   0x08005290   0x00000438   Code   RO         7175    i.__ieee754_rem_pio2  m_wm.l(rred.o)
    0x080056c8   0x080056c8   0x00000170   Code   RO         7153    i.__kernel_cos      m_wm.l(cos_i.o)
    0x08005838   0x08005838   0x000000f8   Code   RO         7172    i.__kernel_poly     m_wm.l(poly.o)
    0x08005930   0x08005930   0x00000130   Code   RO         7180    i.__kernel_sin      m_wm.l(sin_i.o)
    0x08005a60   0x08005a60   0x00000014   Code   RO         7157    i.__mathlib_dbl_infnan  m_wm.l(dunder.o)
    0x08005a74   0x08005a74   0x00000014   Code   RO         7158    i.__mathlib_dbl_infnan2  m_wm.l(dunder.o)
    0x08005a88   0x08005a88   0x00000020   Code   RO         7159    i.__mathlib_dbl_invalid  m_wm.l(dunder.o)
    0x08005aa8   0x08005aa8   0x00000020   Code   RO         7162    i.__mathlib_dbl_underflow  m_wm.l(dunder.o)
    0x08005ac8   0x08005ac8   0x0000000e   Code   RO         7230    i.__scatterload_copy  mc_w.l(handlers.o)
    0x08005ad6   0x08005ad6   0x00000002   Code   RO         7231    i.__scatterload_null  mc_w.l(handlers.o)
    0x08005ad8   0x08005ad8   0x0000000e   Code   RO         7232    i.__scatterload_zeroinit  mc_w.l(handlers.o)
    0x08005ae6   0x08005ae6   0x00000002   PAD
    0x08005ae8   0x08005ae8   0x0000000c   Code   RO         7210    i.__set_errno       mc_w.l(errno.o)
    0x08005af4   0x08005af4   0x00000010   Code   RO         7141    i.atan              m_wm.l(atan.o)
    0x08005b04   0x08005b04   0x000000a0   Code   RO          455    i.bodan_2           firemotor.o
    0x08005ba4   0x08005ba4   0x00000038   Code   RO           14    i.can2_filter_init  canmotor.o
    0x08005bdc   0x08005bdc   0x00000038   Code   RO           15    i.can_filter_init   canmotor.o
    0x08005c14   0x08005c14   0x00000054   Code   RO           16    i.can_output        canmotor.o
    0x08005c68   0x08005c68   0x00000054   Code   RO           17    i.can_output_firemotor  canmotor.o
    0x08005cbc   0x08005cbc   0x00000048   Code   RO          204    i.dbus_uart_init    remoter.o
    0x08005d04   0x08005d04   0x00000138   Code   RO          616    i.dipan_xtl         xiaotuoluo.o
    0x08005e3c   0x08005e3c   0x00000018   Code   RO         7080    i.fabs              m_wm.l(fabs.o)
    0x08005e54   0x08005e54   0x000000ec   Code   RO          987    i.heatjr            heat.o
    0x08005f40   0x08005f40   0x000004aa   Code   RO          851    i.imu_ahrs_update   bsp_imu.o
    0x080063ea   0x080063ea   0x00000002   PAD
    0x080063ec   0x080063ec   0x00000174   Code   RO          852    i.imu_attitude_update  bsp_imu.o
    0x08006560   0x08006560   0x000001cc   Code   RO          853    i.init_quaternion   bsp_imu.o
    0x0800672c   0x0800672c   0x0000002c   Code   RO          854    i.inv_sqrt          bsp_imu.o
    0x08006758   0x08006758   0x0000000a   Code   RO          855    i.ist8310_get_data  bsp_imu.o
    0x08006762   0x08006762   0x00000100   Code   RO          856    i.ist8310_init      bsp_imu.o
    0x08006862   0x08006862   0x00000038   Code   RO          857    i.ist_reg_read_by_mpu  bsp_imu.o
    0x0800689a   0x0800689a   0x00000042   Code   RO          858    i.ist_reg_write_by_mpu  bsp_imu.o
    0x080068dc   0x080068dc   0x000000e8   Code   RO         1031    i.main              main.o
    0x080069c4   0x080069c4   0x0000000c   Code   RO         6529    i.makeFreeRtosPriority  cmsis_os.o
    0x080069d0   0x080069d0   0x00000064   Code   RO          859    i.mpu_device_init   bsp_imu.o
    0x08006a34   0x08006a34   0x00000100   Code   RO          860    i.mpu_get_data      bsp_imu.o
    0x08006b34   0x08006b34   0x0000008e   Code   RO          861    i.mpu_master_i2c_auto_read_config  bsp_imu.o
    0x08006bc2   0x08006bc2   0x00000002   PAD
    0x08006bc4   0x08006bc4   0x000000a8   Code   RO          862    i.mpu_offset_call   bsp_imu.o
    0x08006c6c   0x08006c6c   0x00000050   Code   RO          863    i.mpu_read_byte     bsp_imu.o
    0x08006cbc   0x08006cbc   0x0000005c   Code   RO          864    i.mpu_read_bytes    bsp_imu.o
    0x08006d18   0x08006d18   0x0000000a   Code   RO          865    i.mpu_set_accel_fsr  bsp_imu.o
    0x08006d22   0x08006d22   0x0000000a   Code   RO          866    i.mpu_set_gyro_fsr  bsp_imu.o
    0x08006d2c   0x08006d2c   0x00000054   Code   RO          867    i.mpu_write_byte    bsp_imu.o
    0x08006d80   0x08006d80   0x00000010   Code   RO         6531    i.osDelay           cmsis_os.o
    0x08006d90   0x08006d90   0x0000000a   Code   RO         6534    i.osKernelStart     cmsis_os.o
    0x08006d9a   0x08006d9a   0x0000005c   Code   RO         6568    i.osThreadCreate    cmsis_os.o
    0x08006df6   0x08006df6   0x00000002   PAD
    0x08006df8   0x08006df8   0x000000c4   Code   RO          266    i.pid_bodan         pid.o
    0x08006ebc   0x08006ebc   0x0000056e   Code   RO          267    i.pid_out_val       pid.o
    0x0800742a   0x0800742a   0x00000002   PAD
    0x0800742c   0x0800742c   0x00000078   Code   RO         6200    i.prvAddCurrentTaskToDelayedList  tasks.o
    0x080074a4   0x080074a4   0x00000088   Code   RO         6201    i.prvAddNewTaskToReadyList  tasks.o
    0x0800752c   0x0800752c   0x00000040   Code   RO         6202    i.prvCheckTasksWaitingTermination  tasks.o
    0x0800756c   0x0800756c   0x00000040   Code   RO         6203    i.prvDeleteTCB      tasks.o
    0x080075ac   0x080075ac   0x00000050   Code   RO         6896    i.prvHeapInit       heap_4.o
    0x080075fc   0x080075fc   0x00000028   Code   RO         6204    i.prvIdleTask       tasks.o
    0x08007624   0x08007624   0x0000007e   Code   RO         6205    i.prvInitialiseNewTask  tasks.o
    0x080076a2   0x080076a2   0x00000002   PAD
    0x080076a4   0x080076a4   0x00000060   Code   RO         6206    i.prvInitialiseTaskLists  tasks.o
    0x08007704   0x08007704   0x0000005c   Code   RO         6897    i.prvInsertBlockIntoFreeList  heap_4.o
    0x08007760   0x08007760   0x00000024   Code   RO         6207    i.prvResetNextTaskUnblockTime  tasks.o
    0x08007784   0x08007784   0x00000030   Code   RO         6965    i.prvTaskExitError  port.o
    0x080077b4   0x080077b4   0x000000e8   Code   RO         6898    i.pvPortMalloc      heap_4.o
    0x0800789c   0x0800789c   0x0000002c   Code   RO         6966    i.pxPortInitialiseStack  port.o
    0x080078c8   0x080078c8   0x000000d8   Code   RO          206    i.rc_callback_handler  remoter.o
    0x080079a0   0x080079a0   0x00000050   Code   RO           18    i.set_motor_voltage_can2_low  canmotor.o
    0x080079f0   0x080079f0   0x0000006e   Code   RO         7098    i.sqrt              m_wm.l(sqrt.o)
    0x08007a5e   0x08007a5e   0x00000002   PAD
    0x08007a60   0x08007a60   0x00000060   Code   RO          207    i.uart_receive_handler  remoter.o
    0x08007ac0   0x08007ac0   0x00000026   Code   RO         5829    i.uxListRemove      list.o
    0x08007ae6   0x08007ae6   0x00000002   PAD
    0x08007ae8   0x08007ae8   0x00000014   Code   RO         1177    i.vApplicationGetIdleTaskMemory  freertos.o
    0x08007afc   0x08007afc   0x00000016   Code   RO         5830    i.vListInitialise   list.o
    0x08007b12   0x08007b12   0x00000006   Code   RO         5831    i.vListInitialiseItem  list.o
    0x08007b18   0x08007b18   0x00000036   Code   RO         5832    i.vListInsert       list.o
    0x08007b4e   0x08007b4e   0x00000018   Code   RO         5833    i.vListInsertEnd    list.o
    0x08007b66   0x08007b66   0x00000002   PAD
    0x08007b68   0x08007b68   0x00000040   Code   RO         6968    i.vPortEnterCritical  port.o
    0x08007ba8   0x08007ba8   0x0000002c   Code   RO         6969    i.vPortExitCritical  port.o
    0x08007bd4   0x08007bd4   0x00000064   Code   RO         6899    i.vPortFree         heap_4.o
    0x08007c38   0x08007c38   0x00000024   Code   RO         6970    i.vPortSetupTimerInterrupt  port.o
    0x08007c5c   0x08007c5c   0x00000050   Code   RO         6216    i.vTaskDelay        tasks.o
    0x08007cac   0x08007cac   0x00000088   Code   RO         6229    i.vTaskStartScheduler  tasks.o
    0x08007d34   0x08007d34   0x00000010   Code   RO         6231    i.vTaskSuspendAll   tasks.o
    0x08007d44   0x08007d44   0x00000060   Code   RO         6232    i.vTaskSwitchContext  tasks.o
    0x08007da4   0x08007da4   0x00000104   Code   RO         6972    i.xPortStartScheduler  port.o
    0x08007ea8   0x08007ea8   0x0000006c   Code   RO         6235    i.xTaskCreate       tasks.o
    0x08007f14   0x08007f14   0x00000060   Code   RO         6236    i.xTaskCreateStatic  tasks.o
    0x08007f74   0x08007f74   0x000000d4   Code   RO         6243    i.xTaskIncrementTick  tasks.o
    0x08008048   0x08008048   0x000000cc   Code   RO         6249    i.xTaskResumeAll    tasks.o
    0x08008114   0x08008114   0x000000d8   Code   RO          619    i.zhencha           xiaotuoluo.o
    0x080081ec   0x080081ec   0x0000007c   Code   RO          810    i.zhuanhua          tiqushuju.o
    0x08008268   0x08008268   0x00000144   Code   RO          811    i.zimiao            tiqushuju.o
    0x080083ac   0x080083ac   0x00000014   Data   RO          869    .constdata          bsp_imu.o
    0x080083c0   0x080083c0   0x00000070   Data   RO         1180    .constdata          freertos.o
    0x08008430   0x08008430   0x00000008   Data   RO         2650    .constdata          stm32f4xx_hal_dma.o
    0x08008438   0x08008438   0x00000010   Data   RO         5688    .constdata          system_stm32f4xx.o
    0x08008448   0x08008448   0x00000008   Data   RO         5689    .constdata          system_stm32f4xx.o
    0x08008450   0x08008450   0x00000050   Data   RO         7043    .constdata          m_wm.l(asin.o)
    0x080084a0   0x080084a0   0x00000098   Data   RO         7142    .constdata          m_wm.l(atan.o)
    0x08008538   0x08008538   0x00000030   Data   RO         7154    .constdata          m_wm.l(cos_i.o)
    0x08008568   0x08008568   0x00000008   Data   RO         7174    .constdata          m_wm.l(qnan.o)
    0x08008570   0x08008570   0x000000c8   Data   RO         7177    .constdata          m_wm.l(rred.o)
    0x08008638   0x08008638   0x00000028   Data   RO         7181    .constdata          m_wm.l(sin_i.o)
    0x08008660   0x08008660   0x00000026   Data   RO         1181    .conststring        freertos.o
    0x08008686   0x08008686   0x00000002   PAD
    0x08008688   0x08008688   0x00000020   Data   RO         7228    Region$$Table       anon$$obj.o


    Execution Region RW_IRAM2 (Exec base: 0x10000000, Load base: 0x080086ec, Size: 0x00000000, Max: 0x00010000, ABSOLUTE)

    **** No section assigned to this execution region ****


    Execution Region RW_IRAM1 (Exec base: 0x20000000, Load base: 0x080086a8, Size: 0x00004d78, Max: 0x00030000, ABSOLUTE, COMPRESSED[0x00000044])

    Exec Addr    Load Addr    Size         Type   Attr      Idx    E Section Name        Object

    0x20000000   COMPRESSED   0x00000038   Data   RW           20    .data               canmotor.o
    0x20000038   COMPRESSED   0x00000004   Data   RW           21    .data               canmotor.o
    0x2000003c   COMPRESSED   0x00000004   Data   RW           26    .data               canmotor.o
    0x20000040   COMPRESSED   0x00000004   Data   RW           27    .data               canmotor.o
    0x20000044   COMPRESSED   0x00000004   Data   RW           28    .data               canmotor.o
    0x20000048   COMPRESSED   0x00000004   Data   RW           29    .data               canmotor.o
    0x2000004c   COMPRESSED   0x00000004   Data   RW           30    .data               canmotor.o
    0x20000050   COMPRESSED   0x00000004   Data   RW          209    .data               remoter.o
    0x20000054   COMPRESSED   0x00000004   PAD
    0x20000058   COMPRESSED   0x000000b8   Data   RW          268    .data               pid.o
    0x20000110   COMPRESSED   0x00000010   Data   RW          575    .data               vision12.o
    0x20000120   COMPRESSED   0x00000068   Data   RW          621    .data               xiaotuoluo.o
    0x20000188   COMPRESSED   0x0000004c   Data   RW          812    .data               tiqushuju.o
    0x200001d4   COMPRESSED   0x00000060   Data   RW          870    .data               bsp_imu.o
    0x20000234   COMPRESSED   0x00000004   PAD
    0x20000238   COMPRESSED   0x00000028   Data   RW          990    .data               heat.o
    0x20000260   COMPRESSED   0x00000014   Data   RW         1183    .data               freertos.o
    0x20000274   COMPRESSED   0x00000004   Data   RW         1366    .data               can.o
    0x20000278   COMPRESSED   0x00000004   Data   RW         1668    .data               stm32f4xx_it.o
    0x2000027c   COMPRESSED   0x0000000c   Data   RW         3097    .data               stm32f4xx_hal.o
    0x20000288   COMPRESSED   0x00000004   Data   RW         5690    .data               system_stm32f4xx.o
    0x2000028c   COMPRESSED   0x0000003c   Data   RW         6252    .data               tasks.o
    0x200002c8   COMPRESSED   0x00000020   Data   RW         6905    .data               heap_4.o
    0x200002e8   COMPRESSED   0x0000000c   Data   RW         6973    .data               port.o
    0x200002f4   COMPRESSED   0x00000004   Data   RW         7211    .data               mc_w.l(errno.o)
    0x200002f8        -       0x000000c0   Zero   RW           19    .bss                canmotor.o
    0x200003b8        -       0x0000001e   Zero   RW          208    .bss                remoter.o
    0x200003d6        -       0x00000064   Zero   RW          572    .bss                vision12.o
    0x2000043a   COMPRESSED   0x00000002   PAD
    0x2000043c        -       0x00000048   Zero   RW          620    .bss                xiaotuoluo.o
    0x20000484        -       0x00000062   Zero   RW          868    .bss                bsp_imu.o
    0x200004e6   COMPRESSED   0x00000002   PAD
    0x200004e8        -       0x00000090   Zero   RW          989    .bss                heat.o
    0x20000578        -       0x00000254   Zero   RW         1178    .bss                freertos.o
    0x200007cc        -       0x000000a8   Zero   RW         1322    .bss                adc.o
    0x20000874        -       0x00000050   Zero   RW         1365    .bss                can.o
    0x200008c4        -       0x000000a8   Zero   RW         1438    .bss                i2c.o
    0x2000096c        -       0x00000058   Zero   RW         1485    .bss                spi.o
    0x200009c4        -       0x00000090   Zero   RW         1529    .bss                tim.o
    0x20000a54        -       0x000001ec   Zero   RW         1585    .bss                usart.o
    0x20000c40        -       0x00000048   Zero   RW         1810    .bss                stm32f4xx_hal_timebase_tim.o
    0x20000c88        -       0x000000f0   Zero   RW         6251    .bss                tasks.o
    0x20000d78        -       0x00003c00   Zero   RW         6904    .bss                heap_4.o
    0x20004978        -       0x00000400   Zero   RW            1    STACK               startup_stm32f427xx.o


==============================================================================

Image component sizes


      Code (inc. data)   RO Data    RW Data    ZI Data      Debug   Object Name

       276         34          0          0        168       1783   adc.o
      3400        222         20         96         98      13232   bsp_imu.o
       444         40          0          4         80       2526   can.o
       588         40          0         80        192     786700   canmotor.o
       130          0          0          0          0      23023   cmsis_os.o
       108          4          0          0          0        826   dma.o
         0          0          0          0          0      16872   event_groups.o
       160         22          0          0          0       1250   firemotor.o
       740        144        150         20        596      35398   freertos.o
       208          8          0          0          0       1099   gpio.o
       504         32          0         32      15360       7539   heap_4.o
       236         44          0         40        144       1485   heat.o
       412         52          0          0        168       2430   i2c.o
       144          0          0          0          0       3558   list.o
       410         36          0          0          0      18202   main.o
      1586         60          0        184          0       3620   pid.o
       730         82          0         12          0      11064   port.o
       384         46          0          4         30       3932   remoter.o
       200         20          0          0         88       1689   spi.o
        36          8        428          0       1024        832   startup_stm32f427xx.o
       116         18          0         12          0       8838   stm32f4xx_hal.o
       736         34          0          0          0       2875   stm32f4xx_hal_adc.o
      1658          6          0          0          0      14179   stm32f4xx_hal_can.o
       158         14          0          0          0      33138   stm32f4xx_hal_cortex.o
      1154         16          8          0          0       8170   stm32f4xx_hal_dma.o
       600         60          0          0          0       3364   stm32f4xx_hal_gpio.o
       392         16          0          0          0       3111   stm32f4xx_hal_i2c.o
       128          0          0          0          0       1847   stm32f4xx_hal_i2c_ex.o
        56          4          0          0          0        858   stm32f4xx_hal_msp.o
       112         14          0          0          0       1280   stm32f4xx_hal_pwr_ex.o
      1412         86          0          0          0       5869   stm32f4xx_hal_rcc.o
       942         12          0          0          0       4893   stm32f4xx_hal_spi.o
      2020        136          0          0          0      16790   stm32f4xx_hal_tim.o
       232         28          0          0          0       3253   stm32f4xx_hal_tim_ex.o
       116         14          0          0         72       1407   stm32f4xx_hal_timebase_tim.o
      1726         30          0          0          0      12998   stm32f4xx_hal_uart.o
       190         74          0          4          0       9672   stm32f4xx_it.o
        16          4         24          4          0       1115   system_stm32f4xx.o
      1630        142          0         60        240      20569   tasks.o
       584         48          0          0        144       3261   tim.o
       448         30          0         76          0       2441   tiqushuju.o
       628         70          0          0        492       3426   usart.o
        16          4          0         16        100       2000   vision12.o
       528         96          0        104         72       3932   xiaotuoluo.o

    ----------------------------------------------------------------------
     26336       1850        664        756      19072    1106346   Object Totals
         0          0         32          0          0          0   (incl. Generated)
        42          0          2          8          4          0   (incl. Padding)

    ----------------------------------------------------------------------

      Code (inc. data)   RO Data    RW Data    ZI Data      Debug   Library Member Name

       864         94         80          0          0        280   asin.o
       744        106        152          0          0        352   atan.o
       512         64          0          0          0        208   atan2.o
       200         20          0          0          0        164   cos.o
       368         46         48          0          0        200   cos_i.o
       104         16          0          0          0        496   dunder.o
        44          0          0          0          0        248   fabs.o
        48          0          0          0          0        124   fpclassify.o
       248          0          0          0          0        152   poly.o
         0          0          8          0          0          0   qnan.o
      1080        142        200          0          0        188   rred.o
       200         20          0          0          0        164   sin.o
       304         24         40          0          0        208   sin_i.o
       232          0          0          0          0        296   sqrt.o
        58          0          0          0          0          0   __dczerorl.o
         0          0          0          0          0          0   entry.o
         0          0          0          0          0          0   entry10a.o
         0          0          0          0          0          0   entry11a.o
         4          0          0          0          0          0   entry12b.o
         8          4          0          0          0          0   entry2.o
         4          0          0          0          0          0   entry5.o
         0          0          0          0          0          0   entry7b.o
         0          0          0          0          0          0   entry8b.o
         8          4          0          0          0          0   entry9a.o
        12          6          0          4          0         68   errno.o
        30          0          0          0          0          0   handlers.o
        36          8          0          0          0         68   init.o
         0          0          0          0          0          0   iusefp.o
        30          0          0          0          0         68   llshl.o
        36          0          0          0          0         68   llsshr.o
        32          0          0          0          0         68   llushr.o
        36          0          0          0          0         68   memcpya.o
        36          0          0          0          0        108   memseta.o
        98          0          0          0          0         92   uldiv.o
        48          0          0          0          0         68   cdcmple.o
        48          0          0          0          0         68   cdrcmple.o
        56          0          0          0          0         88   d2f.o
       334          0          0          0          0        148   dadd.o
       222          0          0          0          0        100   ddiv.o
       186          0          0          0          0        176   depilogue.o
        62          0          0          0          0         80   dfixi.o
        34          0          0          0          0         76   dflti.o
        26          0          0          0          0         76   dfltui.o
       228          0          0          0          0         96   dmul.o
       162          0          0          0          0        100   dsqrt.o
        38          0          0          0          0         68   f2d.o
       110          0          0          0          0        168   fepilogue.o

    ----------------------------------------------------------------------
      6944        554        528          4          0       5000   Library Totals
        14          0          0          0          0          0   (incl. Padding)

    ----------------------------------------------------------------------

      Code (inc. data)   RO Data    RW Data    ZI Data      Debug   Library Name

      4948        532        528          0          0       3080   m_wm.l
       428         22          0          4          0        608   mc_w.l
      1554          0          0          0          0       1312   mf_w.l

    ----------------------------------------------------------------------
      6944        554        528          4          0       5000   Library Totals

    ----------------------------------------------------------------------

==============================================================================


      Code (inc. data)   RO Data    RW Data    ZI Data      Debug   

     33280       2404       1192        760      19072    1087794   Grand Totals
     33280       2404       1192         68      19072    1087794   ELF Image Totals (compressed)
     33280       2404       1192         68          0          0   ROM Totals

==============================================================================

    Total RO  Size (Code + RO Data)                34472 (  33.66kB)
    Total RW  Size (RW Data + ZI Data)             19832 (  19.37kB)
    Total ROM Size (Code + RO Data + RW Data)      34540 (  33.73kB)

==============================================================================

